==================================
Generation Information: View dynamics://View/AVADAIArchiveFormConfigEntity: Is Runtime Services mode: False
Compile Warning: Class dynamics://Class/AVADAISrsProxy_Extension: [(4,1),(5,37)]: Type 'SrsProxy' is marked InternalUseOnly and is not accessible from the current module 'AvanadeDocumentArchiveIntegration' .
Compile Warning: Class Method dynamics://Class/AVADAISrsReportRunController_cls_Extension/Method/AVADAIisArchiveReport: [(8,1),(9,55)]: Can't define protected method AVADAIisArchiveReport() in a final class AVADAISrsReportRunController_cls_Extension. Only protected methods which are used in ChainOfCommand are allowed.
Compile Warning: Class dynamics://Class/AVADAISrsProxy_cls_Extension: [(16,5),(16,49)]: Chain of command is not supported on method 'renderReportToByteArray' because it is internal or marked as InternalUseOnly.
Compile Warning: Class dynamics://Class/AVADAISrsProxy_cls_Extension: [(50,5),(50,41)]: Chain of command is not supported on method 'renderReportToPrinter' because it is internal or marked as InternalUseOnly.
Compile Warning: Class dynamics://Class/AVADAISrsProxy_cls_Extension: [(4,1),(5,41)]: Type 'SrsProxy' is marked InternalUseOnly and is not accessible from the current module 'AvanadeDocumentArchiveIntegration' .
Compile Warning: Class Method dynamics://Class/AVADAISrsReportRunController_cls_Extension/Method/AVADAIReportService: [(8,1),(9,55)]: Can't define protected method AVADAIReportService() in a final class AVADAISrsReportRunController_cls_Extension. Only protected methods which are used in ChainOfCommand are allowed.
Compile Warning: Class Method dynamics://Class/AVADAIERFormatMappingRunCustomCallbackProvider_Cls_Extension/Method/setParameters: [(24,5),(24,30)]:  Method 'setParameters' cannot be used as a chain of command because parameter '1' must be of type 'Microsoft.Dynamics365.LocalizationFramework.ERIModelDefinitionParameters' instead of 'ERIModelDefinitionParameters'.
Compile Warning: Class Method dynamics://Class/AVADAIERFormatMappingRunCustomCallbackProvider_Cls_Extension/Method/setFormatMapping: [(34,5),(34,33)]:  Method 'setFormatMapping' cannot be used as a chain of command because parameter '1' must be of type 'Microsoft.Dynamics365.LocalizationFramework.ERFormatMapping' instead of 'ERFormatMapping'.
Metadata Warning: AxDataEntityView/AVADAIDocuRefEntity/Label: Conflicts were detected on the Label property '@ApplicationFoundation:DocuRefEntityLabel' for the following entities 'AVADAIDocuRefEntity(AvanadeDocumentArchiveIntegration), DocuRefEntity(ApplicationFoundation)'
Metadata Warning: AxTable/AVADAIAcknowledgementImport/Indexes/DMSAcknowledgementImportIdx/Name: Non Clustered Index Key 'DMSAcknowledgementImportIdx' should not exceed the maximum size of 1700 bytes.
Metadata Warning: AxTable/AVADAIAcknowledgementImportStaging/Indexes/StagingIdx/Name: Non Clustered Index Key 'StagingIdx' should not exceed the maximum size of 1700 bytes.
Compile Warning: Class Method dynamics://Class/AVADAISrsReportRunPrinter_cls_Extension/Method/printReport: [(12,9),(12,57)]: Type 'SrsProxy' of variable 'proxy' is marked InternalUseOnly and is not accessible from the current module 'AvanadeDocumentArchiveIntegration' .
Compile Warning: Class Method dynamics://Class/AVADAISrsReportRunPrinter_cls_Extension/Method/printReport: [(12,37),(12,56)]: Type 'SrsProxy' is marked InternalUseOnly and is not accessible from the current module 'AvanadeDocumentArchiveIntegration' .
Compile Warning: Class Method dynamics://Class/AVADAISrsReportRunPrinter_cls_Extension/Method/printReport: [(18,17),(18,23)]: Type 'SrsProxy' of qualifier 'proxy' is marked InternalUseOnly and is not accessible from the current module 'AvanadeDocumentArchiveIntegration' .
Compile Warning: Class Method dynamics://Class/AVADAISrsReportRunPrinter_cls_Extension/Method/printReport: [(18,17),(18,52)]: Method 'AVADAIparmCalledArchive' or type 'SrsProxy' in which it is declared is marked InternalUseOnly and is not accessible from the current module 'AvanadeDocumentArchiveIntegration' ''.
Compile Warning: Class Method dynamics://Class/AVADAISrsReportRunPrinter_cls_Extension/Method/printReport: [(28,9),(28,15)]: Type 'SrsProxy' of qualifier 'proxy' is marked InternalUseOnly and is not accessible from the current module 'AvanadeDocumentArchiveIntegration' .
Compile Warning: Class Method dynamics://Class/AVADAISrsReportRunPrinter_cls_Extension/Method/printReport: [(28,9),(28,54)]: Method 'AVADAIparmCalledRVRefreshComplete' or type 'SrsProxy' in which it is declared is marked InternalUseOnly and is not accessible from the current module 'AvanadeDocumentArchiveIntegration' ''.
Compile Warning: Class Method dynamics://Class/AVADAISrsProxy_Extension/Method/AVADAIprintToArchive: [(64,27),(64,31)]: Type 'SrsProxy' is marked InternalUseOnly and is not accessible from the current module 'AvanadeDocumentArchiveIntegration' .
Compile Warning: Class Method dynamics://Class/AVADAISrsProxy_Extension/Method/AVADAIprintToArchive: [(64,27),(64,120)]: Method 'renderReportToByteArray' or type 'SrsProxy' in which it is declared is marked InternalUseOnly and is not accessible from the current module 'AvanadeDocumentArchiveIntegration' ''.
Compile Warning: Class Method dynamics://Class/AVADAISrsReportRunController_cls_Extension/Method/reportViewerRefreshComplete: [(37,21),(37,88)]: Type 'InstrumentationHelper' or member 'SetExternalActivityId' is marked InternalUseOnly and is not accessible from the current module 'AvanadeDocumentArchiveIntegration' . 
Compile Warning: Class Method dynamics://Class/AVADAISrsReportRunController_cls_Extension/Method/reportViewerRefreshComplete: [(56,30),(56,70)]: Type 'SRSReportServerConfiguration' is marked InternalUseOnly and is not accessible from the current module 'AvanadeDocumentArchiveIntegration' .
Compile Warning: Class Method dynamics://Class/AVADAISrsReportRunController_cls_Extension/Method/reportViewerRefreshComplete: [(58,68),(58,117)]: Type 'SrsConfiguration' is marked InternalUseOnly and is not accessible from the current module 'AvanadeDocumentArchiveIntegration' .
Compile Warning: Class Method dynamics://Class/AVADAISrsReportRunController_cls_Extension/Method/reportViewerRefreshComplete: [(58,68),(58,117)]: Method 'getDefaultServerConfiguration' or type 'SrsConfiguration' in which it is declared is marked InternalUseOnly and is not accessible from the current module 'AvanadeDocumentArchiveIntegration' ''.
Compile Warning: Class Method dynamics://Class/AVADAISrsReportRunController_cls_Extension/Method/reportViewerRefreshComplete: [(58,68),(58,117)]: Type 'SRSReportServerConfiguration' is marked InternalUseOnly and is not accessible from the current module 'AvanadeDocumentArchiveIntegration' .
Compile Warning: Class Method dynamics://Class/AVADAISrsReportRunController_cls_Extension/Method/reportViewerRefreshComplete: [(58,29),(58,118)]: Type 'SRSReportServerConfiguration' is marked InternalUseOnly and is not accessible from the current module 'AvanadeDocumentArchiveIntegration' .
Compile Warning: Class Method dynamics://Class/AVADAISrsReportRunController_cls_Extension/Method/reportViewerRefreshComplete: [(61,73),(61,113)]: Type 'SRSReportServerConfiguration' is marked InternalUseOnly and is not accessible from the current module 'AvanadeDocumentArchiveIntegration' .
Compile Warning: Class Method dynamics://Class/AVADAISrsReportRunController_cls_Extension/Method/reportViewerRefreshComplete: [(61,36),(61,114)]: Type 'SrsProxy' is marked InternalUseOnly and is not accessible from the current module 'AvanadeDocumentArchiveIntegration' .
Compile Warning: Class Method dynamics://Class/AVADAISrsReportRunController_cls_Extension/Method/reportViewerRefreshComplete: [(61,36),(61,114)]: Method 'constructWithConfiguration' or type 'SrsProxy' in which it is declared is marked InternalUseOnly and is not accessible from the current module 'AvanadeDocumentArchiveIntegration' ''.
Compile Warning: Class Method dynamics://Class/AVADAISrsReportRunController_cls_Extension/Method/reportViewerRefreshComplete: [(61,36),(61,114)]: Type 'SRSReportServerConfiguration' is marked InternalUseOnly and is not accessible from the current module 'AvanadeDocumentArchiveIntegration' .
Compile Warning: Class Method dynamics://Class/AVADAISrsProxy_cls_EventHandler/Method/SrsProxy_Post_renderReportToByteArray: [(13,9),(13,47)]: Type 'SrsProxy' of variable 'srsProxy' is marked InternalUseOnly and is not accessible from the current module 'AvanadeDocumentArchiveIntegration' .
Compile Warning: Class Method dynamics://Class/AVADAISrsProxy_cls_EventHandler/Method/SrsProxy_Post_renderReportToByteArray: [(29,18),(29,26)]: Type 'SrsProxy' is marked InternalUseOnly and is not accessible from the current module 'AvanadeDocumentArchiveIntegration' .
Compile Warning: Class Method dynamics://Class/AVADAISrsProxy_cls_EventHandler/Method/SrsProxy_Post_renderReportToByteArray: [(29,18),(29,52)]: Method 'AVADAIparmCalledArchive' or type 'SrsProxy' in which it is declared is marked InternalUseOnly and is not accessible from the current module 'AvanadeDocumentArchiveIntegration' ''.
Compile Warning: Class Method dynamics://Class/AVADAISrsProxy_cls_EventHandler/Method/SrsProxy_Post_renderReportToByteArray: [(29,56),(29,64)]: Type 'SrsProxy' is marked InternalUseOnly and is not accessible from the current module 'AvanadeDocumentArchiveIntegration' .
Compile Warning: Class Method dynamics://Class/AVADAISrsProxy_cls_EventHandler/Method/SrsProxy_Post_renderReportToByteArray: [(29,56),(29,98)]: Method 'AVADAIisArchiveReport' or type 'SrsProxy' in which it is declared is marked InternalUseOnly and is not accessible from the current module 'AvanadeDocumentArchiveIntegration' ''.
Compile Warning: Class Method dynamics://Class/AVADAISrsProxy_cls_EventHandler/Method/SrsProxy_Post_renderReportToByteArray: [(29,102),(29,110)]: Type 'SrsProxy' is marked InternalUseOnly and is not accessible from the current module 'AvanadeDocumentArchiveIntegration' .
Compile Warning: Class Method dynamics://Class/AVADAISrsProxy_cls_EventHandler/Method/SrsProxy_Post_renderReportToByteArray: [(29,102),(29,146)]: Method 'AVADAIparmCalledRVRefreshComplete' or type 'SrsProxy' in which it is declared is marked InternalUseOnly and is not accessible from the current module 'AvanadeDocumentArchiveIntegration' ''.
Compile Warning: Class Method dynamics://Class/AVADAISrsProxy_cls_EventHandler/Method/SrsProxy_Post_renderReportToByteArray: [(31,16),(31,25)]: Type 'SrsProxy' of qualifier 'srsProxy' is marked InternalUseOnly and is not accessible from the current module 'AvanadeDocumentArchiveIntegration' .
Compile Warning: Class Method dynamics://Class/AVADAISrsProxy_cls_EventHandler/Method/SrsProxy_Post_renderReportToByteArray: [(31,16),(31,128)]: Method 'AVADAIprintToArchive' or type 'SrsProxy' in which it is declared is marked InternalUseOnly and is not accessible from the current module 'AvanadeDocumentArchiveIntegration' ''.
Compile Warning: Class Method dynamics://Class/AVADAISrsProxy_cls_EventHandler/Method/SrsProxy_Post_renderReportToPrinter: [(43,9),(43,55)]: Type 'SrsProxy' of variable 'srsProxy' is marked InternalUseOnly and is not accessible from the current module 'AvanadeDocumentArchiveIntegration' .
Compile Warning: Class Method dynamics://Class/AVADAISrsProxy_cls_EventHandler/Method/SrsProxy_Post_renderReportToPrinter: [(58,18),(58,26)]: Type 'SrsProxy' is marked InternalUseOnly and is not accessible from the current module 'AvanadeDocumentArchiveIntegration' .
Compile Warning: Class Method dynamics://Class/AVADAISrsProxy_cls_EventHandler/Method/SrsProxy_Post_renderReportToPrinter: [(58,18),(58,52)]: Method 'AVADAIparmCalledArchive' or type 'SrsProxy' in which it is declared is marked InternalUseOnly and is not accessible from the current module 'AvanadeDocumentArchiveIntegration' ''.
Compile Warning: Class Method dynamics://Class/AVADAISrsProxy_cls_EventHandler/Method/SrsProxy_Post_renderReportToPrinter: [(58,56),(58,64)]: Type 'SrsProxy' is marked InternalUseOnly and is not accessible from the current module 'AvanadeDocumentArchiveIntegration' .
Compile Warning: Class Method dynamics://Class/AVADAISrsProxy_cls_EventHandler/Method/SrsProxy_Post_renderReportToPrinter: [(58,56),(58,98)]: Method 'AVADAIisArchiveReport' or type 'SrsProxy' in which it is declared is marked InternalUseOnly and is not accessible from the current module 'AvanadeDocumentArchiveIntegration' ''.
Compile Warning: Class Method dynamics://Class/AVADAISrsProxy_cls_EventHandler/Method/SrsProxy_Post_renderReportToPrinter: [(62,17),(62,26)]: Type 'SrsProxy' of qualifier 'srsProxy' is marked InternalUseOnly and is not accessible from the current module 'AvanadeDocumentArchiveIntegration' .
Compile Warning: Class Method dynamics://Class/AVADAISrsProxy_cls_EventHandler/Method/SrsProxy_Post_renderReportToPrinter: [(62,17),(62,122)]: Method 'AVADAIprintToArchive' or type 'SrsProxy' in which it is declared is marked InternalUseOnly and is not accessible from the current module 'AvanadeDocumentArchiveIntegration' ''.
Compile Warning: Class Method dynamics://Class/AVADAISrsProxy_cls_Extension/Method/renderReportToByteArray: [(30,18),(30,22)]: Type 'SrsProxy' is marked InternalUseOnly and is not accessible from the current module 'AvanadeDocumentArchiveIntegration' .
Compile Warning: Class Method dynamics://Class/AVADAISrsProxy_cls_Extension/Method/renderReportToByteArray: [(30,18),(30,48)]: Method 'AVADAIparmCalledArchive' or type 'SrsProxy' in which it is declared is marked InternalUseOnly and is not accessible from the current module 'AvanadeDocumentArchiveIntegration' ''.
Compile Warning: Class Method dynamics://Class/AVADAISrsProxy_cls_Extension/Method/renderReportToByteArray: [(30,52),(30,56)]: Type 'SrsProxy' is marked InternalUseOnly and is not accessible from the current module 'AvanadeDocumentArchiveIntegration' .
Compile Warning: Class Method dynamics://Class/AVADAISrsProxy_cls_Extension/Method/renderReportToByteArray: [(30,52),(30,91)]: Method 'AVADAIisArchiveReport' or type 'SrsProxy' in which it is declared is marked InternalUseOnly and is not accessible from the current module 'AvanadeDocumentArchiveIntegration' ''.
Compile Warning: Class Method dynamics://Class/AVADAISrsProxy_cls_Extension/Method/renderReportToByteArray: [(30,95),(30,99)]: Type 'SrsProxy' is marked InternalUseOnly and is not accessible from the current module 'AvanadeDocumentArchiveIntegration' .
Compile Warning: Class Method dynamics://Class/AVADAISrsProxy_cls_Extension/Method/renderReportToByteArray: [(30,95),(30,135)]: Method 'AVADAIparmCalledRVRefreshComplete' or type 'SrsProxy' in which it is declared is marked InternalUseOnly and is not accessible from the current module 'AvanadeDocumentArchiveIntegration' ''.
Compile Warning: Class Method dynamics://Class/AVADAISrsProxy_cls_Extension/Method/renderReportToByteArray: [(32,17),(32,22)]: Type 'SrsProxy' of qualifier 'this' is marked InternalUseOnly and is not accessible from the current module 'AvanadeDocumentArchiveIntegration' .
Compile Warning: Class Method dynamics://Class/AVADAISrsProxy_cls_Extension/Method/renderReportToByteArray: [(32,17),(32,128)]: Method 'AVADAIprintToArchive' or type 'SrsProxy' in which it is declared is marked InternalUseOnly and is not accessible from the current module 'AvanadeDocumentArchiveIntegration' ''.
Compile Warning: Class Method dynamics://Class/AVADAISrsProxy_cls_Extension/Method/renderReportToPrinter: [(64,18),(64,22)]: Type 'SrsProxy' is marked InternalUseOnly and is not accessible from the current module 'AvanadeDocumentArchiveIntegration' .
Compile Warning: Class Method dynamics://Class/AVADAISrsProxy_cls_Extension/Method/renderReportToPrinter: [(64,18),(64,48)]: Method 'AVADAIparmCalledArchive' or type 'SrsProxy' in which it is declared is marked InternalUseOnly and is not accessible from the current module 'AvanadeDocumentArchiveIntegration' ''.
Compile Warning: Class Method dynamics://Class/AVADAISrsProxy_cls_Extension/Method/renderReportToPrinter: [(64,52),(64,56)]: Type 'SrsProxy' is marked InternalUseOnly and is not accessible from the current module 'AvanadeDocumentArchiveIntegration' .
Compile Warning: Class Method dynamics://Class/AVADAISrsProxy_cls_Extension/Method/renderReportToPrinter: [(64,52),(64,91)]: Method 'AVADAIisArchiveReport' or type 'SrsProxy' in which it is declared is marked InternalUseOnly and is not accessible from the current module 'AvanadeDocumentArchiveIntegration' ''.
Compile Warning: Class Method dynamics://Class/AVADAISrsProxy_cls_Extension/Method/renderReportToPrinter: [(68,17),(68,22)]: Type 'SrsProxy' of qualifier 'this' is marked InternalUseOnly and is not accessible from the current module 'AvanadeDocumentArchiveIntegration' .
Compile Warning: Class Method dynamics://Class/AVADAISrsProxy_cls_Extension/Method/renderReportToPrinter: [(68,17),(68,121)]: Method 'AVADAIprintToArchive' or type 'SrsProxy' in which it is declared is marked InternalUseOnly and is not accessible from the current module 'AvanadeDocumentArchiveIntegration' ''.
Compile Warning: Class Method dynamics://Class/AVADAIERFileCallback/Method/avaConvertToPdf: [(270,52),(270,109)]: Type 'FileExtensionUtils' or member 'CanBeConvertedToPDF' is marked InternalUseOnly and is not accessible from the current module 'AvanadeDocumentArchiveIntegration' . 
Compile Warning: Class Method dynamics://Class/AVADAIERFileCallback/Method/avaConvertToPdf: [(274,57),(274,89)]: The argument 'ERPdfConversionService' used in the intrinsic function 'classStr' is not accessible. This warning will be turned into an error and must be addressed.
Compile Warning: Class Method dynamics://Class/AVADAIERFileCallback/Method/avaConvertToPdf: [(276,17),(276,161)]: Type 'Microsoft.Dynamics365.LocalizationFramework.ExternalApi.BCS.ConvertToPdfResponse' of variable 'conversionResult' is marked InternalUseOnly and is not accessible from the current module 'AvanadeDocumentArchiveIntegration' .
Compile Warning: Class Method dynamics://Class/AVADAIERFileCallback/Method/avaConvertToPdf: [(276,75),(276,132)]: The argument 'ERPdfConversionService' used in the intrinsic function 'staticmethodStr' is not accessible. This warning will be turned into an error and must be addressed.
Compile Warning: Class Method dynamics://Class/AVADAIERFileCallback/Method/avaConvertToPdf: [(279,21),(279,37)]: Type 'Microsoft.Dynamics365.LocalizationFramework.ExternalApi.BCS.ConvertToPdfResponse' is marked InternalUseOnly and is not accessible from the current module 'AvanadeDocumentArchiveIntegration' .
Compile Warning: Class Method dynamics://Class/AVADAIERFileCallback/Method/avaConvertToPdf: [(279,21),(279,37)]: Type 'ConvertToPdfResponse' or member 'IsValidResponse' is marked InternalUseOnly and is not accessible from the current module 'AvanadeDocumentArchiveIntegration' . 
Compile Warning: Class Method dynamics://Class/AVADAIERFileCallback/Method/avaConvertToPdf: [(281,34),(281,50)]: Type 'Microsoft.Dynamics365.LocalizationFramework.ExternalApi.BCS.ConvertToPdfResponse' is marked InternalUseOnly and is not accessible from the current module 'AvanadeDocumentArchiveIntegration' .
Compile Warning: Class Method dynamics://Class/AVADAIERFileCallback/Method/avaConvertToPdf: [(281,34),(281,50)]: Type 'ConvertToPdfResponse' or member 'ResultStream' is marked InternalUseOnly and is not accessible from the current module 'AvanadeDocumentArchiveIntegration' . 
Compile Warning: Class Method dynamics://Class/AVADAIERPrintMgmtDataProviderReport_Cls_Extension/Method/avaCreateFormatMappingRunCopy: [(64,69),(64,97)]: The argument 'ERFormatMappingRun' used in the intrinsic function 'classStr' is not accessible. This warning will be turned into an error and must be addressed.
Compile Warning: Class Method dynamics://Class/AVADAIERPrintMgmtDataProviderReport_Cls_Extension/Method/avaCreateFormatMappingRunCopy: [(66,83),(66,146)]: The argument 'ERFormatMappingRun' used in the intrinsic function 'staticmethodStr' is not accessible. This warning will be turned into an error and must be addressed.
Compile Warning: Class Method dynamics://Class/AVADAIERPrintMgmtDataProviderReport_Cls_Extension/Method/avaCreateFormatMappingRunCopy: [(70,17),(70,68)]: The argument 'ERFormatMappingRun' used in the intrinsic function 'methodStr' is not accessible. This warning will be turned into an error and must be addressed.
Compile Warning: Class Method dynamics://Class/AVADAIERPrintMgmtDataProviderReport_Cls_Extension/Method/avaCreateFormatMappingRunCopy: [(72,51),(72,102)]: The argument 'ERFormatMappingRun' used in the intrinsic function 'methodStr' is not accessible. This warning will be turned into an error and must be addressed.
Compile Warning: Class Method dynamics://Class/AVADAIERPrintMgmtDataProviderReport_Cls_Extension/Method/avaCreateFormatMappingRunCopy: [(82,43),(82,93)]: The argument 'ERFormatMappingRun' used in the intrinsic function 'methodStr' is not accessible. This warning will be turned into an error and must be addressed.
Compile Warning: Class Method dynamics://Class/AVADAIERPrintMgmtDataProviderReport_Cls_Extension/Method/avaConvertToPdf: [(100,18),(100,72)]: Type 'FileExtensionUtils' or member 'CanBeConvertedToPDF' is marked InternalUseOnly and is not accessible from the current module 'AvanadeDocumentArchiveIntegration' . 
Compile Warning: Class Method dynamics://Class/AVADAIERPrintMgmtDataProviderReport_Cls_Extension/Method/avaConvertToPdf: [(108,61),(108,93)]: The argument 'ERPdfConversionService' used in the intrinsic function 'classStr' is not accessible. This warning will be turned into an error and must be addressed.
Compile Warning: Class Method dynamics://Class/AVADAIERPrintMgmtDataProviderReport_Cls_Extension/Method/avaConvertToPdf: [(110,21),(110,243)]: Type 'Microsoft.Dynamics365.LocalizationFramework.ExternalApi.BCS.ConvertToPdfResponse' of variable 'conversionResult' is marked InternalUseOnly and is not accessible from the current module 'AvanadeDocumentArchiveIntegration' .
Compile Warning: Class Method dynamics://Class/AVADAIERPrintMgmtDataProviderReport_Cls_Extension/Method/avaConvertToPdf: [(110,79),(110,136)]: The argument 'ERPdfConversionService' used in the intrinsic function 'staticmethodStr' is not accessible. This warning will be turned into an error and must be addressed.
Compile Warning: Class Method dynamics://Class/AVADAIERPrintMgmtDataProviderReport_Cls_Extension/Method/avaConvertToPdf: [(113,25),(113,41)]: Type 'Microsoft.Dynamics365.LocalizationFramework.ExternalApi.BCS.ConvertToPdfResponse' is marked InternalUseOnly and is not accessible from the current module 'AvanadeDocumentArchiveIntegration' .
Compile Warning: Class Method dynamics://Class/AVADAIERPrintMgmtDataProviderReport_Cls_Extension/Method/avaConvertToPdf: [(113,25),(113,41)]: Type 'ConvertToPdfResponse' or member 'IsValidResponse' is marked InternalUseOnly and is not accessible from the current module 'AvanadeDocumentArchiveIntegration' . 
Compile Warning: Class Method dynamics://Class/AVADAIERPrintMgmtDataProviderReport_Cls_Extension/Method/avaConvertToPdf: [(115,38),(115,54)]: Type 'Microsoft.Dynamics365.LocalizationFramework.ExternalApi.BCS.ConvertToPdfResponse' is marked InternalUseOnly and is not accessible from the current module 'AvanadeDocumentArchiveIntegration' .
Compile Warning: Class Method dynamics://Class/AVADAIERPrintMgmtDataProviderReport_Cls_Extension/Method/avaConvertToPdf: [(115,38),(115,54)]: Type 'ConvertToPdfResponse' or member 'ResultStream' is marked InternalUseOnly and is not accessible from the current module 'AvanadeDocumentArchiveIntegration' . 
Compile Warning: Class Method dynamics://Class/AVADAILookupHelper/Method/reportName: [(38,17),(38,23)]: The statement is unreachable.
==================================
Errors: 0
Warnings: 81
