==================================
Generation Information: View dynamics://View/NDXBVEMailRequestADAEntity: Is Runtime Services mode: False
TaskListItem Information: Table Method dynamics://Table/NDXTmpVerband/Method/find: [(23,9),(23,47)]: TODO PaffH: checkpoint NDXTmpVerband
TaskListItem Information: Table Method dynamics://Table/NDXTmpKumUmsCustArtGrp/Method/setUmsatzCS: [(345,13),(345,203)]: TODO: DebuC Prüfung erforderlich ob dieser Aufruf noch Sinn macht. Nachfolgendes Query kann mit doppelter Übergabe der Alliance eig keinen Satz ermitteln und würde die Methode überspringen
TaskListItem Information: Table Method dynamics://Table/KCS_KBVRelationsToBV/Method/editContactPersonName: [(257,9),(257,99)]: ToDo: ContactPerson name and validation against customer not yet implemented as in 2009
TaskListItem Information: Table Method dynamics://Table/KCS_KBVRelationsToBV/Method/checkContactPerson: [(324,59),(324,127)]: ToDo: just to get positive check maybe from the related quotation
TaskListItem Information: Table Method dynamics://Table/KCS_KBVRelationsToBV/Method/checkContactPerson: [(328,9),(328,53)]: ToDo:  Check BP related customer if needed
TaskListItem Information: Table Method dynamics://Table/NDX_KBVLog/Method/endLog: [(62,9),(62,79)]: ToDo: this.KBVErrors = NDX_KBVErrorTypes::checkErrorType(startline);
TaskListItem Information: Table Method dynamics://Table/NDX_KBVLogHeader/Method/createAlerts: [(17,9),(17,47)]: ToDo: NDX_EventNotification   alert;
TaskListItem Information: Table Method dynamics://Table/NDX_KBVLogHeader/Method/createAlerts: [(18,9),(18,140)]: ToDo: Not needed: Menufunction            menufunction = new Menufunction(menuitemdisplaystr(NDX_KBVLog), MenuItemType::Display);
TaskListItem Information: Table Method dynamics://Table/NDX_KBVLogHeader/Method/createAlerts: [(35,13),(35,109)]: ToDo: NDX_EventNotification (missing) -> EventNotificationSync (mmissing) -> EventNotification
TaskListItem Information: Table Method dynamics://Table/AVAPriceIncreasePriceDiscGroup/Method/addFromAVAPriceIncreaseTable: [(147,79),(147,138)]: ToDo: PriceGroupType::KCS_PRCActionPriceGroup is missing
TaskListItem Information: Table Method dynamics://Table/AVAPriceIncreasePriceDiscGroup/Method/addFromAVAPriceIncreaseTable: [(189,75),(189,134)]: ToDo: PriceGroupType::KCS_PRCActionPriceGroup is missing
TaskListItem Information: Table Method dynamics://Table/KCS_KBVRequestTable/Method/insert: [(789,9),(789,180)]: ToDo: KCS_KBVHelpClass::SetBPIfFirstRequestCreated(this.KCS_KBVBuildingProjectID, this.KCS_KBVRequestID, this.dataAreaId);    // KCS/STORS/LU_00002753_Nr. 188/10.12.2009
TaskListItem Information: Table Method dynamics://Table/KCS_KBVRequestTable/Method/insert: [(791,9),(791,183)]: ToDo: KCS_KBVHelpClass::SetBPCompanySpecificData(this.KCS_KBVBuildingProjectID, this.dataAreaId);                             // KCS/STORS/LU_00002753_SP-Nr. 311/04.11.2009
TaskListItem Information: Table Method dynamics://Table/NDXTmpKumUmsCustArtGrp/Method/setUmsAnteil: [(508,9),(508,68)]: TODO: DebuC austauschen der Winapi durch Protokolltabelle
TaskListItem Information: Table Method dynamics://Table/NDXResourcesStatisticLine/Method/SumPerWrkCtr: [(50,17),(50,52)]: TODO Test groupBy statt softField
TaskListItem Information: Table Method dynamics://Table/NDXResourcesStatisticLine/Method/SumPerWrkCtr: [(64,13),(64,108)]: ToDo:nDX_CostUnit = nDX_ResourceStatisticLine.Dimension_WrkCtr.getFieldValue("KostenStelle");
TaskListItem Information: Table Method dynamics://Table/NDXKumUmsCustMonat/Method/UmsCS: [(618,17),(618,107)]: TODO: Aussparen?: NDX_KumUmsCustArtGrp::getUmsCS(nDX_TmpCSAllianceMap, _yearLfd, false);
TaskListItem Information: Table Method dynamics://Table/NDXUtilitasDataRelatedItems/Method/findOrCreateByObject: [(14,9),(14,25)]: ToDo: Language
TaskListItem Information: Table dynamics://Table/NDXIntrastatDiffLine: [(59,5),(59,28)]: TODO DebuC Issue 7784
TaskListItem Information: Table Method dynamics://Table/NDXRequisition/Method/getInventSumValues: [(77,9),(77,21)]: TODO WolfA
TaskListItem Information: Class Method dynamics://Class/AVABPInfoExecution/Method/createInfoChangedBuildingProjects: [(1028,9),(1028,49)]: ToDo: Check this.NDX_AddKBVInfoTmp();
TaskListItem Information: Class Method dynamics://Class/AVABPInfoExecution/Method/avaGetRows_BVChanged: [(2049,25),(2049,39)]: ToDo: && ...
TaskListItem Information: Class Method dynamics://Class/AVAPriceDiscGroupDbt_Extension/Method/displayAVAPriceIncreaseNoOfCustomers: [(45,9),(45,32)]: ToDo: no of Customers
TaskListItem Information: Class Method dynamics://Class/NDXPAInfoClass/Method/getPaPos: [(162,17),(162,98)]: TODO PaffH: changed relation reqTransReceipt.InventTransId -> InventTransOrigin
TaskListItem Information: Class Method dynamics://Class/NDXProdIdent/Method/contractFromItemId: [(108,13),(108,101)]: TODO PaffH: Begin: AX2009.classes.NDX_ProdIdent.fillControlPanelAdditionInventTable()
TaskListItem Information: Class Method dynamics://Class/NDXProdIdent/Method/contractFromItemId: [(118,13),(118,99)]: TODO PaffH: End: AX2009.classes.NDX_ProdIdent.fillControlPanelAdditionInventTable()
TaskListItem Information: Class Method dynamics://Class/NDXProdIdent/Method/RicoProductNumberFromNDX_RicoMap_ItemId: [(1211,5),(1211,53)]: TODO PaffH: Aufruf über Formular realisieren
TaskListItem Information: Class Method dynamics://Class/AVASFCFeedbackPost/Method/postWorkerJob: [(188,17),(188,60)]: Todo - check is this code is still needed
TaskListItem Information: Class Method dynamics://Class/NDXIntrastat/Method/setCountryRegionIdVendTrans: [(905,9),(905,33)]: TODO: DebuC Issue 7784
TaskListItem Information: Class Method dynamics://Class/AVAInventTransferLineDbt_Extension/Method/avaReservedPhysical: [(989,34),(989,64)]: ToDo: || !this.isStocked())
TaskListItem Information: Class Method dynamics://Class/AVAInventTransferLineDbt_Extension/Method/qtyMarked: [(1307,21),(1307,74)]: ToDo: Check in InventTransferLine this.isStocked())
TaskListItem Information: Class Method dynamics://Class/AVAInventTransferLineDbt_Extension/Method/avaReserveInventTransferLine: [(1388,74),(1388,106)]: ToDo: _salesLine.reserveQty();
TaskListItem Information: Class Method dynamics://Class/NDXUmsatzClass/Method/FillCSStatistikData: [(1182,9),(1182,68)]: TODO: DebuC austauschen der Winapi durch Protokolltabelle
TaskListItem Information: Class Method dynamics://Class/NDXUmsatzClass/Method/FillCSStatistikData: [(1188,13),(1188,110)]: TODO DebuC: (PaffH 30.01.25) lBuildVerband wird nicht weiter ausgewertet; daher ausdokumentiert
TaskListItem Information: Class Method dynamics://Class/NDXUmsatzClass/Method/getUmsAlliance: [(1455,9),(1455,68)]: TODO: DebuC austauschen der Winapi durch Protokolltabelle
TaskListItem Information: Class Method dynamics://Class/NDXUmsatzClass/Method/getUmsAlliance: [(1626,9),(1626,52)]: TODO DEBUC: Threadfähigkeit programmieren
TaskListItem Information: Class Method dynamics://Class/NDXUmsatzClass/Method/fillLiveSales: [(2594,21),(2594,64)]: TODO: DebuC Umsatzauswertung Fremdwährung
TaskListItem Information: Class Method dynamics://Class/NDXUmsatzClass/Method/fillLiveSales: [(2613,21),(2613,64)]: TODO: DebuC Umsatzauswertung Fremdwährung
TaskListItem Information: Class Method dynamics://Class/NDXUmsatzClass/Method/fillLiveSales: [(2616,21),(2616,64)]: TODO: DebuC Umsatzauswertung Fremdwährung
TaskListItem Information: Class Method dynamics://Class/NDXUmsatzClass/Method/fillLiveSales: [(2663,25),(2663,68)]: TODO: DebuC Umsatzauswertung Fremdwährung
TaskListItem Information: Class Method dynamics://Class/AVASalesOrderDelegationReportDP/Method/insertTmpTableDataDetails: [(817,131),(817,186)]: ToDo: KCS_ModelNumber?     //@NDXBase:NDXModelNumber
TaskListItem Information: Class Method dynamics://Class/AVASalesOrderDelegationReportDP/Method/insertTmpTableDataDetails: [(848,113),(848,203)]: ToDo: 2009 LineAmount dependant on  salesLine.KCS_PRCBomTypeId == KCS_PRCBomType::Case3
TaskListItem Information: Class Method dynamics://Class/AVASalesOrderDelegationReportDP/Method/insertTmpTableDataDetails: [(852,13),(852,52)]: ToDo: salesLine.KCS_EDIStatus missing
TaskListItem Information: Class Method dynamics://Class/NDXUtilitasDataOpService/Method/createRecord: [(102,13),(102,68)]: ToDo: Etim still missing in PIMCORE or somewhere else
TaskListItem Information: Class Method dynamics://Class/AVAInventTransferJourController/Method/newFromArgs: [(167,21),(167,67)]: ToDo: check way to get correct journal table
TaskListItem Information: Class Method dynamics://Class/AVACAMDataImportStagingClear/Method/run: [(80,13),(80,42)]: TODO: error message missing
TaskListItem Information: Class Method dynamics://Class/AVACAMDataImportStagingClear/Method/validate: [(157,13),(157,46)]: TODO: checkFailed message empty
TaskListItem Information: Class Method dynamics://Class/AVAInventTransferTable_tbl_Extension/Method/avaGetGrossWeightRemaining: [(148,122),(148,157)]: ToDo: check remainInventPhysical
TaskListItem Information: Class Method dynamics://Class/AVAInventTransferTable_tbl_Extension/Method/avaGetNetWeightRemaining: [(170,120),(170,155)]: ToDo: check remainInventPhysical
TaskListItem Information: Class Method dynamics://Class/NDXVerbandSE/Method/getAllianceParentChild: [(188,17),(188,57)]: TODO DebuC durch KCS_TOSTAble tauschen
TaskListItem Information: Class Method dynamics://Class/NDXVerbandSE/Method/getCSFromMaster: [(247,13),(247,51)]: TODO PaffH: checkpoint NDXTmpVerband
TaskListItem Information: Class Method dynamics://Class/NDXVerbandSE/Method/getCSFromMaster: [(264,25),(264,63)]: TODO PaffH: checkpoint NDXTmpVerband
TaskListItem Information: Class Method dynamics://Class/NDXVerbandSE/Method/getChildsFromMaster: [(458,21),(458,59)]: TODO PaffH: checkpoint NDXTmpVerband
TaskListItem Information: Class Method dynamics://Class/NDXVerbandSE/Method/getMaster: [(582,13),(582,57)]: TODO: DebuC austauschen durch KCS_TOSTable
TaskListItem Information: Class Method dynamics://Class/AVASalesRouteCardReportDP/Method/insertTmpTableDataDetails: [(689,123),(689,178)]: ToDo: KCS_ModelNumber?     //@NDXBase:NDXModelNumber
TaskListItem Information: Class Method dynamics://Class/AVASalesRouteCardReportDP/Method/insertTmpTableDataDetails: [(720,76),(720,166)]: ToDo: 2009 LineAmount dependant on  salesLine.KCS_PRCBomTypeId == KCS_PRCBomType::Case3
TaskListItem Information: Class Method dynamics://Class/AVASalesRouteCardReportDP/Method/insertTmpTableDataDetails: [(724,13),(724,52)]: ToDo: salesLine.KCS_EDIStatus missing
TaskListItem Information: Class Method dynamics://Class/AVASalesQuotationLineDbt_Extension/Method/AVApriceCalculation: [(85,114),(85,171)]: ToDo : Positionsrabattgruppe Kette aus dem Auftragskopf
TaskListItem Information: Class Method dynamics://Class/NDXKBVBuildingProject2RicoKalk/Method/updateRequests: [(640,13),(640,25)]: ToDo WolfA
TaskListItem Information: Class Method dynamics://Class/NDXKBVBuildingProject2RicoKalk/Method/newProtRecord: [(1217,9),(1217,37)]: TODO PaffH: numbersequence
TaskListItem Information: Class Method dynamics://Class/NDXKBVBuildingProject2RicoKalk/Method/transRicoKalkAng2KBV: [(1747,37),(1747,85)]: TODO PaffH: Prüfen, ob Maßnahme notwendig ist
TaskListItem Information: Class Method dynamics://Class/AVACAMDataImportClear/Method/run: [(80,13),(80,42)]: TODO: Missing error message
TaskListItem Information: Class Method dynamics://Class/AVACAMDataImportClear/Method/validate: [(157,13),(157,42)]: TODO: Missing error message
TaskListItem Information: Class Method dynamics://Class/NDXUmsatzRefreshClass/Method/run: [(123,9),(123,68)]: TODO: DebuC austauschen der Winapi durch Protokolltabelle
TaskListItem Information: Class Method dynamics://Class/NDXMarginEqualizing_NDX_Extension/Method/checkQuotationPrice: [(191,17),(191,57)]: TODO: DebuC Bestpreisprüfung Dec: 7323
TaskListItem Information: Class Method dynamics://Class/NDXProdIdent_frm_EventHandler/Method/buildIItemIdControlLookup: [(237,9),(237,33)]: TODO PaffH: Issue:7798
TaskListItem Information: Class Method dynamics://Class/NDXProdIdent_frm_EventHandler/Method/buildIItemIdControlLookup: [(238,9),(238,33)]: TODO PaffH: Issue:7799
TaskListItem Information: Class Method dynamics://Class/AVAsmmActivityCreateCls_Extension/Method/avaCreateActivity: [(48,17),(48,41)]: ToDo: set Reponsibilty
TaskListItem Information: Class Method dynamics://Class/AVAsmmActivityCreateCls_Extension/Method/avaCreateActivity: [(61,17),(61,49)]: ToDo: and replace this with it
TaskListItem Information: Class Method dynamics://Class/NDXUmsatzClassThread/Method/getValuesCust: [(673,21),(673,42)]: TODO: DebuC NoParty
TaskListItem Information: Class Method dynamics://Class/NDXUmsatzClassThread/Method/getValuesArtGrp: [(1841,9),(1841,68)]: TODO: DebuC austauschen der Winapi durch Protokolltabelle
TaskListItem Information: Class Method dynamics://Class/AVAInventTransferJourDP/Method/insertTmpTableDataDetail: [(576,127),(576,182)]: ToDo: KCS_ModelNumber?     //@NDXBase:NDXModelNumber
TaskListItem Information: Class Method dynamics://Class/AVAInventTransferJourDP/Method/insertTmpTableDataDetailItemSet: [(677,127),(677,182)]: ToDo: KCS_ModelNumber?     //@NDXBase:NDXModelNumber
TaskListItem Information: Class Method dynamics://Class/AVASalesQuotationTableFrm_AVASalesQuotationLine_SalesPriceCalcFld_Extension/Method/validate: [(118,104),(118,128)]: ToDo: trigger modified
TaskListItem Information: Class Method dynamics://Class/AVAsmmBusRelTableFrm_Relations_EventHandler/Method/DateEffectiveFutureModifiedGlobal: [(112,5),(112,37)]: ToDo: refresh header tab page
TaskListItem Information: Class Method dynamics://Class/AVACreateCycleCountContract/Method/initFromRecord: [(48,17),(48,49)]: Todo develop other call points
TaskListItem Information: Form dynamics://Form/AVAKBVCreateBuildingProjectTable: [(99,5),(99,95)]: ToDo: ContactPerson name and validation against customer not yet implemented as in 2009
TaskListItem Information: Form dynamics://Form/AVAKBVCreateBuildingProjectTable: [(137,5),(137,95)]: ToDo: ContactPerson name and validation against customer not yet implemented as in 2009
TaskListItem Information: Form Method dynamics://Form/AVAKBVCreateBuildingProjectTable/Method/createRelations: [(234,9),(234,15)]: todo
TaskListItem Information: Form Control Method dynamics://Form/AVAKBVRequestTable/FormDesign/AxFormDesign/FormControl/AVAKBVRequestTableCopyToUcByCode/Method/clicked: [(682,13),(682,75)]: ToDo: remove crosscompany and research() and executeQuery();
TaskListItem Information: Form Method dynamics://Form/AVAInventTransferLineBackOrder/Method/init: [(136,137),(136,193)]: ToDo: check originally InventTransferLine.ConfirmedDlv
TaskListItem Information: Form Method dynamics://Form/AVAInventTransferLineBackOrder/Method/init: [(138,169),(138,225)]: ToDo: check originally InventTransferLine.ConfirmedDlv
TaskListItem Information: Form Method dynamics://Form/AVAInventTransferLineBackOrder/Method/init: [(143,101),(143,126)]: ToDo: check, not needed
TaskListItem Information: Form Method dynamics://Form/AVAInventTransferLineBackOrder/Method/init: [(196,126),(196,160)]: ToDo:Check Button group Approval
TaskListItem Information: Form Method dynamics://Form/AVAInventTransferLineBackOrder/Method/init: [(200,129),(200,163)]: ToDo:Check Button group Approval
TaskListItem Information: Form Method dynamics://Form/AVAInventTransferLineBackOrder/Method/initQuery: [(428,97),(428,122)]: ToDo: check, not needed
TaskListItem Information: Form Method dynamics://Form/AVAInventTransferLineBackOrder/Method/processTmpTablePositions: [(837,105),(837,140)]: ToDo: check remainInventPhysical
TaskListItem Information: Form Method dynamics://Form/AVAInventTransferLineBackOrder/Method/processSelectedPositions: [(1212,46),(1212,77)]: ToDo: only for special needs
TaskListItem Information: Form dynamics://Form/AVAKBVBuildingProjectTable: [(47,1),(47,117)]: ToDo:    NDX_NSORelevant             nDX_KBV_NSORelevant;                            // 1.16: NDX/Heckk/13.07.2012
TaskListItem Information: Form dynamics://Form/AVAKBVBuildingProjectTable: [(78,1),(78,142)]: ToDo:    NDX_KBVBuildingProject2RicoKalk     nDX_KBVBuildingProject2RicoKalk;        // 1.12 : NDX/PaffH/12.04.2010 Bekanntmachung RicoKalk
TaskListItem Information: Form dynamics://Form/AVAKBVBuildingProjectTable: [(100,1),(100,136)]: ToDo:    NDX_PerfCheckClass          perfCheck;                                      // 1.17: NDX/PAFFH/NDX_TASK1235003438/13.02.2013
TaskListItem Information: Form DataSource Method dynamics://Form/AVAKBVBuildingProjectTable/FormDataSourceRoot/KCS_KBVBuildingProjectTable/Method/create: [(816,13),(816,78)]: ToDo: Set to last entry after creation            this.last();
TaskListItem Information: Form Control Method dynamics://Form/AVAKBVBuildingProjectTable/FormDesign/AxFormDesign/FormControl/AVAKBVRequestTableCopyToUcByCode/Method/clicked: [(1714,13),(1714,75)]: ToDo: remove crosscompany and research() and executeQuery();
TaskListItem Information: Form DataSource Method dynamics://Form/NDXBVEMailRequestControlCenter/FormDataSourceRoot/ContactPersonLookup/Method/init: [(853,13),(853,31)]: TODO PaffH: Test
TaskListItem Information: Form Method dynamics://Form/NDXIntrastatCheck/Method/init: [(174,9),(174,22)]: TODO: DebuC
Compile Warning: Class Method dynamics://Class/NDXTRUMPFPDA_frm_Extension/Method/buildFilterNew: [(4,1),(5,39)]: Can't define protected method buildFilterNew() in a final class NDXTRUMPFPDA_frm_Extension. Only protected methods which are used in ChainOfCommand are allowed.
Compile Warning: Class Method dynamics://Class/AVASalesLineType_Extension/Method/avaCalcICPurchPrice: [(4,1),(5,39)]: Can't define protected method avaCalcICPurchPrice() in a final class AVASalesLineType_Extension. Only protected methods which are used in ChainOfCommand are allowed.
Compile Warning: Class Method dynamics://Class/AVAInventTransferLineEstimation_Extension/Method/setStatusRemainItemSet: [(4,1),(5,63)]: Can't define protected method setStatusRemainItemSet() in a final class AVAInventTransferLineEstimation_Extension. Only protected methods which are used in ChainOfCommand are allowed.
Compile Warning: Class Method dynamics://Class/AVAPriceDiscAdmTableFrm_Extension/Method/avaInitFromArgs: [(4,1),(5,46)]: Can't define protected method avaInitFromArgs() in a final class AVAPriceDiscAdmTableFrm_Extension. Only protected methods which are used in ChainOfCommand are allowed.
Compile Warning: Class Method dynamics://Class/AVAPriceDiscAdmTableFrm_Extension/Method/avaModifyRangesFromArgs: [(4,1),(5,46)]: Can't define protected method avaModifyRangesFromArgs() in a final class AVAPriceDiscAdmTableFrm_Extension. Only protected methods which are used in ChainOfCommand are allowed.
Compile Warning: Class Method dynamics://Class/AVAUnblockProdTableWorkService/Method/unblock: [(4,9),(4,38)]: 'SysEntryPointAttribute' is obsolete: '"This attribute is deprecated in AX7. "'.
Compile Warning: Class Method dynamics://Class/AVAExecuteAsynchronousService/Method/execute: [(4,9),(4,38)]: 'SysEntryPointAttribute' is obsolete: '"This attribute is deprecated in AX7. "'.
Compile Warning: Class Method dynamics://Class/AVAProdTableOverviewFrm_Extension/Method/avaUpdateFromCallerRecord_Data: [(4,1),(5,46)]: Can't define protected method avaUpdateFromCallerRecord_Data() in a final class AVAProdTableOverviewFrm_Extension. Only protected methods which are used in ChainOfCommand are allowed.
Compile Warning: Class Method dynamics://Class/AVAWHSWorkExecuteDisplayReportAsFinishedCls_Extension/Method/avaManageQtyError: [(7,1),(10,66)]: Can't define protected method avaManageQtyError() in a final class AVAWHSWorkExecuteDisplayReportAsFinishedCls_Extension. Only protected methods which are used in ChainOfCommand are allowed.
Compile Warning: Class Method dynamics://Class/NDXSalesQuotationDP_cls_Extension/Method/NDXOPKUrl: [(4,1),(5,46)]: Can't define protected method NDXOPKUrl() in a final class NDXSalesQuotationDP_cls_Extension. Only protected methods which are used in ChainOfCommand are allowed.
Compile Warning: Class Method dynamics://Class/AVAPriceDisc_Extension/Method/buildFindPriceDiscountQuery: [(22,5),(22,57)]: Chain of command is not supported on method 'buildFindPriceDiscountQuery' because it is internal or marked as InternalUseOnly.
Compile Warning: Class dynamics://Class/AVARouteInventProdFrm_Extension: [(39,6),(39,109)]: Adding event handlers in extension classes is not recommended, please use instead a regular X++ class for that purpose.
Compile Warning: Class Method dynamics://Class/AVAHandoverDocDP/Method/processReport: [(50,6),(50,28)]: 'SysEntryPointAttribute' is obsolete: '"This attribute is deprecated in AX7. "'.
Compile Warning: Class Method dynamics://Class/AVAPurchPackingSlipDPCls_Extension/Method/avaInsertInventTransTmp: [(4,1),(5,47)]: Can't define protected method avaInsertInventTransTmp() in a final class AVAPurchPackingSlipDPCls_Extension. Only protected methods which are used in ChainOfCommand are allowed.
Compile Warning: Form Method dynamics://Form/AVASalesCreateQuotation/Method/buildProjIdRefQueryForLookup: [(557,14),(557,82)]: 'isFeatureEnabled' is obsolete: ''This method is obsolete, use ProjProjectOperationsIntegrationFeatureHelper::isFeatureEnabled() instead.''.
Compile Warning: Form DataSource DataField Method dynamics://Form/AVASalesCreateQuotation/FormDataSourceRoot/SalesQuotationTable/FormDataSourceField/ProjIdRef/Method/validate: [(1240,117),(1240,185)]: 'isFeatureEnabled' is obsolete: ''This method is obsolete, use ProjProjectOperationsIntegrationFeatureHelper::isFeatureEnabled() instead.''.
Compile Warning: Class Method dynamics://Class/NDXRicoReqDocuTransfer/Method/initByNDX_RicoReqDocProt: [(111,74),(111,100)]: Cast from extensible enum 'Extensible Enumeration(NDXRICODMSAction)' to 'int' potentially harmful and deprecated.
Compile Warning: Class Method dynamics://Class/NDXRicoReqDocuTransfer/Method/insertDocument: [(143,74),(143,98)]: Cast from extensible enum 'Extensible Enumeration(NDXRICODMSAction)' to 'int' potentially harmful and deprecated.
Compile Warning: Class Method dynamics://Class/NDXRicoReqDocuTransfer/Method/updateDocument: [(218,74),(218,100)]: Cast from extensible enum 'Extensible Enumeration(NDXRICODMSAction)' to 'int' potentially harmful and deprecated.
Compile Warning: Class Method dynamics://Class/NDXRicoReqDocuTransfer/Method/deleteDocument: [(272,74),(272,100)]: Cast from extensible enum 'Extensible Enumeration(NDXRICODMSAction)' to 'int' potentially harmful and deprecated.
Compile Warning: Class Method dynamics://Class/AVAMarkupAutoLineDbt_Extension/Method/avaClosePreviousAutoMarkup: [(149,55),(149,71)]: The implicit conversion from date to utcDateTime is not supported.
Compile Warning: Class Method dynamics://Class/AVALedgerAllocationBasisRuleSourceDbt_Extension/Method/AccountNumbersFromSumAccount: [(62,23),(62,68)]: 'findByMainAccountId' is obsolete: ''Use findByMainAccountIdAndCOA() instead''.
Compile Warning: Table Method dynamics://Table/NDXProdIdentPicture/Method/checkNumberOfItemAssignments: [(83,17),(83,102)]: The type conversion from 'int64' to 'int(NDXNumberOfItemAssignments)' loses range.
Compile Warning: Table Method dynamics://Table/NDXProdIdentPictureItemIdMapping/Method/updateNumberOfItemAssignments: [(150,13),(150,98)]: The type conversion from 'int64' to 'int(NDXNumberOfItemAssignments)' loses range.
Compile Warning: Class Method dynamics://Class/AVAProdParmReleaseFrm_ProdParmReleaseDS_Extension/Method/create: [(13,9),(13,22)]: Next call must include all parameters of the base method, including any optional parameters.
Compile Warning: Class Method dynamics://Class/NDXMarkupAutoTransferProcess/Method/startTransfer: [(42,13),(42,74)]: Cast from extensible enum 'Extensible Enumeration(ReturnCodeType)' to 'int' potentially harmful and deprecated.
Compile Warning: Class Method dynamics://Class/NDXMarkupAutoTransferProcess/Method/startTransfer: [(44,13),(44,70)]: Cast from extensible enum 'Extensible Enumeration(MarkupModuleType)' to 'int' potentially harmful and deprecated.
Compile Warning: Class Method dynamics://Class/NDXMarkupAutoTransferProcess/Method/startTransfer: [(85,25),(85,88)]: Cast from extensible enum 'Extensible Enumeration(MarkupCategory)' to 'int' potentially harmful and deprecated.
Compile Warning: Class Method dynamics://Class/NDXMarkupAutoTransferProcess/Method/startTransfer: [(90,25),(90,80)]: Cast from extensible enum 'Extensible Enumeration(MarkupModuleType)' to 'int' potentially harmful and deprecated.
Compile Warning: Class Method dynamics://Class/NDXMarkupAutoTransferProcess/Method/writeMarkupAutoTable: [(146,13),(146,77)]: Assigning a numerical value to extensible enum 'Extensible Enumeration(MarkupModuleType)' will yield unexpected results. Extensible enum values are not deterministically assigned to a numerical value.
Compile Warning: Class Method dynamics://Class/NDXMarkupAutoTransferProcess/Method/writeMarkupAutoTable: [(151,13),(151,79)]: Assigning a numerical value to extensible enum 'Extensible Enumeration(ReturnCodeType)' will yield unexpected results. Extensible enum values are not deterministically assigned to a numerical value.
Compile Warning: Class Method dynamics://Class/NDXMarkupAutoTransferProcess/Method/writeMarkupAutoTable: [(168,13),(168,74)]: Assigning a numerical value to extensible enum 'Extensible Enumeration(ReturnCodeType)' will yield unexpected results. Extensible enum values are not deterministically assigned to a numerical value.
Compile Warning: Class Method dynamics://Class/NDXMarkupAutoTransferProcess/Method/writeMarkupAutoTable: [(170,13),(170,70)]: Assigning a numerical value to extensible enum 'Extensible Enumeration(MarkupModuleType)' will yield unexpected results. Extensible enum values are not deterministically assigned to a numerical value.
Compile Warning: Class Method dynamics://Class/NDXMarkupAutoTransferProcess/Method/writeMarkupAutoLine: [(228,13),(228,76)]: Assigning a numerical value to extensible enum 'Extensible Enumeration(MarkupCategory)' will yield unexpected results. Extensible enum values are not deterministically assigned to a numerical value.
Compile Warning: Class Method dynamics://Class/NDXMarkupAutoTransferProcess/Method/writeMarkupAutoLine: [(233,13),(233,68)]: Assigning a numerical value to extensible enum 'Extensible Enumeration(MarkupModuleType)' will yield unexpected results. Extensible enum values are not deterministically assigned to a numerical value.
Compile Warning: Class Method dynamics://Class/NDXMarginEqualizing_NDX_Extension/Method/checkQuotationPrice: [(234,124),(234,178)]: The integer division and modulo operators lose precision with operands other than integers.
Compile Warning: Class Method dynamics://Class/NDXMarginEqualizing_NDX_Extension/Method/checkQuotationPrice: [(235,124),(235,179)]: The integer division and modulo operators lose precision with operands other than integers.
Compile Warning: Class Method dynamics://Class/NDXDataTransfersToD365StartClass/Method/main: [(16,77),(16,107)]: Cast from extensible enum 'Extensible Enumeration(NDXDataTransfersToD365Modules)' to 'int' potentially harmful and deprecated.
Compile Warning: Class Method dynamics://Class/AVAWhsBillOfLadingDPCls_Extension/Method/avaInitializeContainerTmp: [(491,9),(491,77)]: The type conversion from 'int64' to 'int(WHSNumOfContainers)' loses range.
Compile Warning: Table Method dynamics://Table/AVASFCFeedback/Method/setNewLineNums: [(113,17),(113,62)]: The type conversion from 'int64' to 'int(NDXSecondsDiffPosting)' loses range.
Compile Warning: Class Method dynamics://Class/AVASalesQuotationTableDbt_Extension/Method/avaGAEBCountPosWithMissingOZ: [(583,9),(583,26)]: The type conversion from 'int64' to 'int' loses range.
Compile Warning: Table Method dynamics://Table/NDX_MaterialCharacteristic/Method/find: [(14,9),(14,35)]: 'NDX_MaterialCharacteristic' is obsolete.
Compile Warning: Table Method dynamics://Table/NDX_MaterialCharacteristic/Method/lookupSubstituteMaterialID: [(39,9),(39,37)]: 'NDX_MaterialGroupStatusTable' is obsolete.
Compile Warning: Table Method dynamics://Table/NDX_MaterialCharacteristic/Method/lookupSubstituteMaterialID: [(42,56),(42,92)]: ReferencedObject is marked as Obsolete.  The 'NDX_MaterialCharacteristic' argument of the 'tableNum' compile-time function specifying a table/map/view/data entity is marked as obsolete.
Compile Warning: Table Method dynamics://Table/NDX_MaterialCharacteristic/Method/lookupSubstituteMaterialID: [(43,52),(43,88)]: ReferencedObject is marked as Obsolete.  The 'NDX_MaterialCharacteristic' argument of the 'tableNum' compile-time function specifying a table/map/view/data entity is marked as obsolete.
Compile Warning: Table Method dynamics://Table/NDX_MaterialCharacteristic/Method/lookupSubstituteMaterialID: [(48,43),(48,104)]: ReferencedObject is marked as Obsolete.  The 'NDX_MaterialCharacteristic::NDX_MaterialGroupStatus' argument of the 'fieldNum' compile-time function specifying a table field is marked as obsolete.
Compile Warning: Table Method dynamics://Table/NDX_MaterialCharacteristic/Method/lookupSubstituteMaterialID: [(51,39),(51,97)]: ReferencedObject is marked as Obsolete.  The 'NDX_MaterialCharacteristic::NDX_CharacteristicID' argument of the 'fieldNum' compile-time function specifying a table field is marked as obsolete.
Compile Warning: Table Method dynamics://Table/NDX_MaterialCharacteristic/Method/lookupSubstituteMaterialID: [(52,39),(52,106)]: ReferencedObject is marked as Obsolete.  The 'NDX_MaterialCharacteristic::NDX_CharacteristicDescription' argument of the 'fieldNum' compile-time function specifying a table field is marked as obsolete.
Compile Warning: Table Method dynamics://Table/NDX_MaterialCharacteristic/Method/lookupStatus: [(71,9),(71,37)]: 'NDX_MaterialGroupStatusTable' is obsolete.
Compile Warning: Table Method dynamics://Table/NDX_MaterialCharacteristic/Method/lookupStatus: [(74,56),(74,94)]: ReferencedObject is marked as Obsolete.  The 'NDX_MaterialGroupStatusTable' argument of the 'tableNum' compile-time function specifying a table/map/view/data entity is marked as obsolete.
Compile Warning: Table Method dynamics://Table/NDX_MaterialCharacteristic/Method/lookupStatus: [(75,52),(75,90)]: ReferencedObject is marked as Obsolete.  The 'NDX_MaterialGroupStatusTable' argument of the 'tableNum' compile-time function specifying a table/map/view/data entity is marked as obsolete.
Compile Warning: Table Method dynamics://Table/NDX_MaterialCharacteristic/Method/lookupStatus: [(80,43),(80,102)]: ReferencedObject is marked as Obsolete.  The 'NDX_MaterialGroupStatusTable::MaterialGroupStatus' argument of the 'fieldNum' compile-time function specifying a table field is marked as obsolete.
Compile Warning: Table Method dynamics://Table/NDX_MaterialCharacteristic/Method/lookupStatus: [(83,39),(83,98)]: ReferencedObject is marked as Obsolete.  The 'NDX_MaterialGroupStatusTable::MaterialGroupStatus' argument of the 'fieldNum' compile-time function specifying a table field is marked as obsolete.
Compile Warning: Table Method dynamics://Table/NDX_MaterialCharacteristic/Method/lookupStatus: [(84,39),(84,90)]: ReferencedObject is marked as Obsolete.  The 'NDX_MaterialGroupStatusTable::Description' argument of the 'fieldNum' compile-time function specifying a table field is marked as obsolete.
Compile Warning: Class Method dynamics://Class/AVASalesQuotationLineTbl_EventHandler/Method/SalesQuotationLine_Pre_modifySalesQty: [(16,92),(16,97)]: Assigning a numerical value to extensible enum 'Extensible Enumeration(InventMovementQuantityErrorCorrectionMethod)' will yield unexpected results. Extensible enum values are not deterministically assigned to a numerical value.
Compile Warning: Class Method dynamics://Class/AVAProdParmStartUpFrm_ProdParmStartUpDS_Extension/Method/create: [(13,9),(13,22)]: Next call must include all parameters of the base method, including any optional parameters.
Compile Warning: Table Method dynamics://Table/KCS_HDMSalesQuotationTableInfoFields/Method/initInfoFields: [(51,9),(51,69)]: The implicit conversion from date to utcDateTime is not supported.
Compile Warning: Table Method dynamics://Table/NDX_MaterialThickness/Method/find: [(14,9),(14,30)]: 'NDX_MaterialThickness' is obsolete.
Compile Warning: Class Method dynamics://Class/AVALedgerAllocCreateBasisRuleFromDestination/Method/createBasisRule: [(82,31),(82,76)]: 'findByMainAccountId' is obsolete: ''Use findByMainAccountIdAndCOA() instead''.
Compile Warning: Class Method dynamics://Class/AVALedgerAllocCreateBasisRuleFromDestination/Method/UpdateBasisRule: [(152,31),(152,76)]: 'findByMainAccountId' is obsolete: ''Use findByMainAccountIdAndCOA() instead''.
Compile Warning: Class Method dynamics://Class/AVAPriceDiscTableFrm_Extension/Method/avaRefreshHKFormParts: [(216,39),(216,57)]: Constructor or type 'PartList' in which it is declared is marked InternalUseOnly and is not accessible from the current module 'NDX' .
Compile Warning: Class Method dynamics://Class/NDXSSRSReportProdTableProdIdentController/Method/prePromptModifyContract: [(207,40),(207,58)]: The type conversion from 'real(ProdQtySched)' to 'int(NDXOrderQty)' loses range and precision.
Compile Warning: Class Method dynamics://Class/NDXSNClientGroup2ClientProcess/Method/writeNDXSNClientGroup2Client: [(37,13),(37,71)]: Assigning a numerical value to extensible enum 'Extensible Enumeration(NDXCompanyBE)' will yield unexpected results. Extensible enum values are not deterministically assigned to a numerical value.
Compile Warning: Class Method dynamics://Class/NDXSNClientGroup2ClientProcess/Method/writeNDXSNClientGroup2Client: [(40,13),(40,63)]: Cast from extensible enum 'Extensible Enumeration(NDXCompanyBE)' to 'int' potentially harmful and deprecated.
Compile Warning: Class Method dynamics://Class/NDXSNClientGroup2ClientProcess/Method/writeNDXSNClientGroup2Client: [(43,13),(43,59)]: Cast from extensible enum 'Extensible Enumeration(NDXCompanyBE)' to 'int' potentially harmful and deprecated.
Compile Warning: Class Method dynamics://Class/NDXSNClientGroup2ClientProcess/Method/writeNDXSNClientGroup2Client: [(46,110),(46,144)]: Assigning a numerical value to extensible enum 'Extensible Enumeration(NDXCompanyBE)' will yield unexpected results. Extensible enum values are not deterministically assigned to a numerical value.
Compile Warning: Class Method dynamics://Class/NDXSNClientGroup2ClientProcess/Method/writeNDXSNClientGroup2Client: [(56,85),(56,115)]: Assigning a numerical value to extensible enum 'Extensible Enumeration(NDXCompanyBE)' will yield unexpected results. Extensible enum values are not deterministically assigned to a numerical value.
Compile Warning: Class Method dynamics://Class/NDXSNClientGroup2ClientProcess/Method/writeNDXSNClientGroup2Client: [(63,17),(63,77)]: Assigning a numerical value to extensible enum 'Extensible Enumeration(NDXCompanyBE)' will yield unexpected results. Extensible enum values are not deterministically assigned to a numerical value.
Compile Warning: Table Method dynamics://Table/NDXResourcesStatisticLineMap/Method/timevalueFromBDE: [(39,17),(39,65)]: The type conversion from 'int64' to 'int' loses range.
Compile Warning: Table Method dynamics://Table/NDXResourcesStatisticLineMap/Method/timevalueFromBDE: [(42,17),(42,63)]: The type conversion from 'int64' to 'int' loses range.
Compile Warning: Table Method dynamics://Table/NDXResourcesStatisticLineMap/Method/timevalueFromBDE: [(58,9),(58,48)]: The type conversion from 'int64' to 'int' loses range.
Compile Warning: Table Method dynamics://Table/NDXResourcesStatisticLineMap/Method/initFromProdJournalRoute: [(223,9),(223,70)]: The type conversion from 'real' to 'int' loses range and precision.
Compile Warning: Table Method dynamics://Table/NDXResourcesStatisticLineMap/Method/timevalueFromProdJournalRoute: [(235,9),(235,53)]: The type conversion from 'real' to 'int(Seconds)' loses range and precision.
Compile Warning: Class Method dynamics://Class/AVALedgerAllocationRuleDbt_Extension/Method/sumAccountName: [(22,16),(22,79)]: 'findByMainAccountId' is obsolete: ''Use findByMainAccountIdAndCOA() instead''.
Compile Warning: Class Method dynamics://Class/AVALedgerJournalTransRepost/Method/createLedgerTransRepost: [(56,60),(56,164)]: 'getDefaultAccountFromMainAccountId' is obsolete: ''Use getDefaultAccountFromMainAccountIdAndCOA() instead''.
Compile Warning: Class Method dynamics://Class/AVALedgerJournalTransRepost/Method/createLedgerTransRepost: [(61,60),(61,161)]: 'getDefaultAccountFromMainAccountId' is obsolete: ''Use getDefaultAccountFromMainAccountIdAndCOA() instead''.
Compile Warning: Class Method dynamics://Class/AVALedgerJournalTransRepost/Method/createLedgerTransRepost: [(111,67),(111,171)]: 'getDefaultAccountFromMainAccountId' is obsolete: ''Use getDefaultAccountFromMainAccountIdAndCOA() instead''.
Compile Warning: Class Method dynamics://Class/AVALedgerJournalTransRepost/Method/createLedgerTransRepost: [(116,67),(116,168)]: 'getDefaultAccountFromMainAccountId' is obsolete: ''Use getDefaultAccountFromMainAccountIdAndCOA() instead''.
Compile Warning: Class Method dynamics://Class/AVALedgerJournalTransRepost/Method/createLedgerTransStorno: [(173,63),(173,167)]: 'getDefaultAccountFromMainAccountId' is obsolete: ''Use getDefaultAccountFromMainAccountIdAndCOA() instead''.
Compile Warning: Class Method dynamics://Class/AVALedgerJournalTransRepost/Method/createLedgerTransStorno: [(178,63),(178,164)]: 'getDefaultAccountFromMainAccountId' is obsolete: ''Use getDefaultAccountFromMainAccountIdAndCOA() instead''.
Compile Warning: Class Method dynamics://Class/AVALedgerJournalTransRepost/Method/createLedgerTransStorno: [(225,67),(225,171)]: 'getDefaultAccountFromMainAccountId' is obsolete: ''Use getDefaultAccountFromMainAccountIdAndCOA() instead''.
Compile Warning: Class Method dynamics://Class/AVALedgerJournalTransRepost/Method/createLedgerTransStorno: [(230,67),(230,168)]: 'getDefaultAccountFromMainAccountId' is obsolete: ''Use getDefaultAccountFromMainAccountIdAndCOA() instead''.
Compile Warning: Class Method dynamics://Class/NDXUnitConvert/Method/checkUnitConvertWeight_DS: [(91,71),(91,140)]: The implicit conversion from date to utcDateTime is not supported.
Compile Warning: Class Method dynamics://Class/NDXUnitConvert/Method/checkUnitConvertWeight_DS: [(123,71),(123,140)]: The implicit conversion from date to utcDateTime is not supported.
Compile Warning: Class Method dynamics://Class/NDXUnitConvert/Method/saveUnitConvertWeight_DS: [(652,71),(652,140)]: The implicit conversion from date to utcDateTime is not supported.
Compile Warning: Class Method dynamics://Class/NDXUnitConvert/Method/saveUnitConvertWeight_DS: [(682,72),(682,141)]: The implicit conversion from date to utcDateTime is not supported.
Compile Warning: Class Method dynamics://Class/AVAChargeSpecificationTransferProcess/Method/startTransfer: [(30,87),(30,121)]: Cast from extensible enum 'Extensible Enumeration(AVAChargeType)' to 'int' potentially harmful and deprecated.
Compile Warning: Class Method dynamics://Class/AVAChargeSpecificationTransferProcess/Method/writeRecord: [(77,49),(77,120)]: Assigning a numerical value to extensible enum 'Extensible Enumeration(AVAChargeType)' will yield unexpected results. Extensible enum values are not deterministically assigned to a numerical value.
Compile Warning: Class Method dynamics://Class/AVAChargeSpecificationTransferProcess/Method/writeRecord: [(85,13),(85,122)]: Assigning a numerical value to extensible enum 'Extensible Enumeration(AVAChargeType)' will yield unexpected results. Extensible enum values are not deterministically assigned to a numerical value.
Compile Warning: Class Method dynamics://Class/AVALedgerAllocationRuleSourceDbt_Extension/Method/AccountNumbersFromSumAccount: [(136,23),(136,68)]: 'findByMainAccountId' is obsolete: ''Use findByMainAccountIdAndCOA() instead''.
Compile Warning: Class Method dynamics://Class/NDXSNAllianceClientsProcess/Method/writeNDXSNAllianceClients: [(30,13),(30,63)]: Cast from extensible enum 'Extensible Enumeration(NDXCompanyBE)' to 'int' potentially harmful and deprecated.
Compile Warning: Class Method dynamics://Class/NDXSNAllianceClientsProcess/Method/writeNDXSNAllianceClients: [(33,103),(33,137)]: Assigning a numerical value to extensible enum 'Extensible Enumeration(NDXCompanyBE)' will yield unexpected results. Extensible enum values are not deterministically assigned to a numerical value.
Compile Warning: Class Method dynamics://Class/NDXSalesNoteCustomer/Method/getNDX_UmsatzClass: [(246,23),(246,55)]: Cast from extensible enum 'Extensible Enumeration(NDXGetUmsType)' to 'int' potentially harmful and deprecated.
Compile Warning: Class Method dynamics://Class/NDXREACHROHSService/Method/updateREACHROHS: [(87,17),(87,44)]: The type conversion from 'int64' to 'int' loses range.
Compile Warning: Class Method dynamics://Class/AVATransferCalcDepreciationService/Method/createLedgerJournalTrans: [(194,80),(194,141)]: 'findByMainAccountId' is obsolete: ''Use findByMainAccountIdAndCOA() instead''.
Compile Warning: Class Method dynamics://Class/AVATransferCalcDepreciationService/Method/createLedgerJournalTrans: [(196,99),(196,160)]: 'findByMainAccountId' is obsolete: ''Use findByMainAccountIdAndCOA() instead''.
Compile Warning: Class Method dynamics://Class/NDXRecordLockCompare/Method/getNumberOfDifferences: [(25,9),(25,45)]: The type conversion from 'int64' to 'int' loses range.
Compile Warning: Form Control Method dynamics://Form/NDXMEExcelImExport/FormDesign/AxFormDesign/FormTabControl/TOCTabs/FormTabPageControl/tpPriceSum/FormTabControl/PriceSumTab/FormTabPageControl/tpPriceSumLines/FormGroupControl/FormGroupControl1/FormGroupControl/grpFilterErrorInLine/Method/clicked: [(833,63),(833,103)]: Assigning a numerical value to extensible enum 'Extensible Enumeration(NDXErrorFilter)' will yield unexpected results. Extensible enum values are not deterministically assigned to a numerical value.
Compile Warning: Form Control Method dynamics://Form/NDXMEExcelImExport/FormDesign/AxFormDesign/FormTabControl/TOCTabs/FormTabPageControl/tpPriceSum/FormTabControl/PriceSumTab/FormTabPageControl/tpPriceSumLines/FormGroupControl/FormGroupControl1/FormGroupControl/grpFilterErrorInLine/FormRadioButtonControl/rbExIncludeFilterErrorInLine/Method/modified: [(851,74),(851,90)]: Assigning a numerical value to extensible enum 'Extensible Enumeration(NDXErrorFilter)' will yield unexpected results. Extensible enum values are not deterministically assigned to a numerical value.
Compile Warning: Form Control Method dynamics://Form/NDXMEExcelImExport/FormDesign/AxFormDesign/FormTabControl/TOCTabs/FormTabPageControl/tpPriceSum/FormTabControl/PriceSumTab/FormTabPageControl/tpPriceSumLines/FormGroupControl/FormGroupControl1/FormGroupControl/grpFilterApproved/Method/clicked: [(868,64),(868,92)]: Assigning a numerical value to extensible enum 'Extensible Enumeration(NDXApproved)' will yield unexpected results. Extensible enum values are not deterministically assigned to a numerical value.
Compile Warning: Form Control Method dynamics://Form/NDXMEExcelImExport/FormDesign/AxFormDesign/FormTabControl/TOCTabs/FormTabPageControl/tpPriceSum/FormTabControl/PriceSumTab/FormTabPageControl/tpPriceSumLines/FormGroupControl/FormGroupControl1/FormGroupControl/grpFilterApproved/FormRadioButtonControl/rbFilterApproved/Method/modified: [(887,72),(887,88)]: Assigning a numerical value to extensible enum 'Extensible Enumeration(NDXApproved)' will yield unexpected results. Extensible enum values are not deterministically assigned to a numerical value.
Compile Warning: Class Method dynamics://Class/NDXResourcesStatisticHelper/Method/fillFromKCS_SFCFeedback: [(292,21),(292,168)]: The type conversion from 'int64' to 'int' loses range.
Compile Warning: Class Method dynamics://Class/NDXSNAllianceItemGroupsProcess/Method/writeNDXSNAllianceItemGroups: [(30,13),(30,66)]: Cast from extensible enum 'Extensible Enumeration(NDXCompanyBE)' to 'int' potentially harmful and deprecated.
Compile Warning: Class Method dynamics://Class/NDXSNAllianceItemGroupsProcess/Method/writeNDXSNAllianceItemGroups: [(33,102),(33,139)]: Assigning a numerical value to extensible enum 'Extensible Enumeration(NDXCompanyBE)' will yield unexpected results. Extensible enum values are not deterministically assigned to a numerical value.
Compile Warning: Class Method dynamics://Class/DownloadNotDeletableHCMWorkers/Method/main: [(45,39),(45,53)]: 'line' is obsolete: '"On the Info class or the infolog global variable, the line method is obsolete. For better performance, use the infologLine method on the Global class."'.
Compile Warning: Class Method dynamics://Class/DownloadNotDeletableHCMWorkers/Method/main: [(79,40),(79,54)]: 'line' is obsolete: '"On the Info class or the infolog global variable, the line method is obsolete. For better performance, use the infologLine method on the Global class."'.
Compile Warning: Class Method dynamics://Class/DownloadNotDeletableHCMWorkers/Method/main: [(81,79),(81,93)]: 'line' is obsolete: '"On the Info class or the infolog global variable, the line method is obsolete. For better performance, use the infologLine method on the Global class."'.
Compile Warning: Class Method dynamics://Class/NDXSalesEvaluationTransferService/Method/transferInvoices: [(29,13),(29,81)]: Assigning a numerical value to extensible enum 'Extensible Enumeration(SalesType)' will yield unexpected results. Extensible enum values are not deterministically assigned to a numerical value.
Compile Warning: Class Method dynamics://Class/AVAInventQualityOrderLineDbt_Extension/Method/avaDisplayResultQty: [(45,9),(45,64)]: The type conversion from 'real(InventTestResultQuantity)' to 'int' loses range and precision.
Compile Warning: Class Method dynamics://Class/AVAImportWagesService/Method/process: [(133,35),(133,82)]: 'findByMainAccountId' is obsolete: ''Use findByMainAccountIdAndCOA() instead''.
Compile Warning: Class Method dynamics://Class/AVAImportWagesService/Method/process: [(134,35),(134,82)]: 'findByMainAccountId' is obsolete: ''Use findByMainAccountIdAndCOA() instead''.
Compile Warning: Class Method dynamics://Class/AVASalesQuotationDPCls_Extension/Method/avaCreateNotes: [(1041,21),(1041,101)]: The type conversion from 'real(LineNum)' to 'int' loses range and precision.
Compile Warning: Class Method dynamics://Class/AVASalesQuotationDPCls_Extension/Method/avaCreateNotes: [(1057,17),(1057,97)]: The type conversion from 'real(LineNum)' to 'int' loses range and precision.
Compile Warning: Class Method dynamics://Class/AVASalesQuotationDPCls_Extension/Method/avaCreateNotes: [(1072,17),(1072,97)]: The type conversion from 'real(LineNum)' to 'int' loses range and precision.
Compile Warning: Class Method dynamics://Class/AVAHelperClass/Method/getAVAException: [(41,21),(41,37)]: Do not use this exception. It is reserved.
Compile Warning: Class Method dynamics://Class/AVAHelperClass/Method/generateQRCodeImage: [(522,13),(522,41)]: 'resize' is obsolete: 'This method is not supported in the web client.'.
Compile Warning: Class Method dynamics://Class/AVAInventTransferJourController/Method/newFromArgs: [(153,38),(153,70)]: Cast from extensible enum 'Extensible Enumeration(InventTransferUpdateType)' to 'int' potentially harmful and deprecated.
Compile Warning: Class Method dynamics://Class/AVAInventTransferJourController/Method/newFromArgs: [(177,38),(177,75)]: Cast from extensible enum 'Extensible Enumeration(InventTransferUpdateType)' to 'int' potentially harmful and deprecated.
Compile Warning: Class Method dynamics://Class/AVAInventTransferShipReceiveController/Method/extractRdlContractInfoFromParentFormSettings: [(55,68),(55,100)]: ReferencedObject is marked as Obsolete.  The 'InventDim::wMSPalletId' argument of the 'fieldNum' compile-time function specifying a table field is marked as obsolete.
Compile Warning: Class Method dynamics://Class/AVAAgreementLineQuantityCommitmentDbt_Extension/Method/calculateAgreementRemansOnServer: [(164,80),(164,94)]: 'LineDeliveryType' is obsolete.
Compile Warning: Class Method dynamics://Class/AVABPJobsServiceTaskBatchManager/Method/createBatchTasks: [(103,9),(103,60)]: The type conversion from 'real' to 'int' loses range and precision.
Compile Warning: Class Method dynamics://Class/AVABPJobsServiceTaskBatchManager/Method/createBatchTasks: [(108,9),(108,58)]: The type conversion from 'real' to 'int' loses range and precision.
Compile Warning: Class Method dynamics://Class/AVABPJobsServiceTaskBatchManager/Method/createBatchTasks: [(109,9),(109,58)]: The type conversion from 'real' to 'int' loses range and precision.
Compile Warning: Class Method dynamics://Class/AVABPJobsServiceTaskBatchManager/Method/createBatchTasks: [(110,9),(110,58)]: The type conversion from 'real' to 'int' loses range and precision.
Compile Warning: Class Method dynamics://Class/AVAInventTransferJourDP/Method/insertTmpTableDataDetail: [(563,9),(563,33)]: 'wMSPalletId' is obsolete.
Compile Warning: Class Method dynamics://Class/AVAInventTransferJourDP/Method/insertTmpTableDataDetail: [(563,55),(563,67)]: 'wMSPalletId' is obsolete.
Compile Warning: Class Method dynamics://Class/AVAInventTransferJourDP/Method/insertTmpTableDataDetailItemSet: [(664,9),(664,33)]: 'wMSPalletId' is obsolete.
Compile Warning: Class Method dynamics://Class/AVAInventTransferJourDP/Method/insertTmpTableDataDetailItemSet: [(664,55),(664,67)]: 'wMSPalletId' is obsolete.
Compile Warning: Form Method dynamics://Form/AVASalesLineBackOrderReservation/Method/calcReservableQty: [(119,42),(119,71)]: The integer division and modulo operators lose precision with operands other than integers.
Compile Warning: Form Method dynamics://Form/AVASalesLineBackOrderReservation/Method/closeOk: [(190,14),(190,40)]: The integer division and modulo operators lose precision with operands other than integers.
Compile Warning: Form Method dynamics://Form/NDXFlatRateScrap/Method/unpack: [(28,9),(28,22)]: The statement is unreachable.
Compile Warning: Class Method dynamics://Class/AVAPurchAgreementFrm_Extension/Method/avaUpdateCoilWidth: [(52,9),(52,95)]: The type conversion from 'real(AVACoilCallWidth)' to 'int(AVAWidthCoilMM)' loses range and precision.
Metadata Warning: AxMenuItemAction/NDXUnitConvertCheck/Object: Invalid method signature on class 'NDXUnitConvertCheckClass'.  Expected signature: 'public static [returnType] main(xArgs _args, [...])'.
Metadata Warning: AxMenuItemAction/NDXUnitConvertCheckSave/Object: Invalid method signature on class 'NDXUnitConvertCheckDiffClass'.  Expected signature: 'public static [returnType] main(xArgs _args, [...])'.
Metadata Warning: AxMenuItemAction/AVAExecuteAsynchronousController/Object: Method 'main' does not exist on class 'AVAExecuteAsynchronousController'.
Metadata Warning: AxMenuItemAction/NDXRicoReqDocuTransfer/Object: Invalid method signature on class 'NDXRicoReqDocuTransfer'.  Expected signature: 'public static [returnType] main(xArgs _args, [...])'.
Metadata Warning: AxMenuItemOutput/AVAVendTransOpenPerDate/FeatureClass: Feature class 'VendOpenTransactionsReportFeature' is internal to the model 'Foundation' and cannot be utilized in the 'NDX' model.
Metadata Warning: AxTable/AVAInventTransferShipDetailTmp/Fields/wMSPalletId/ExtendedDataType: Referenced object 'WMSPalletId' is marked as obsolete. 
Metadata Warning: AxTable/AVAInventTransferShipDetailTmp/FieldGroups/Overview/Fields/wMSPalletId/DataField: Referenced object 'wMSPalletId' is marked as obsolete. 
Metadata Warning: AxView/NDXUnitConvertCheck: You have added an index to a view, but AX7 views do not support indexing: No index will be added to the view in SQL server. We suggest removing the index.
Metadata Warning: AxView/AVAPriceIncreaseCustomersTableGrpView: You have added an index to a view, but AX7 views do not support indexing: No index will be added to the view in SQL server. We suggest removing the index.
Metadata Warning: AxView/AVACustQuotationJourLatestJournalView: You have added an index to a view, but AX7 views do not support indexing: No index will be added to the view in SQL server. We suggest removing the index.
Metadata Warning: AxView/AVAKCS_BOSConditionMode_CView: You have added an index to a view, but AX7 views do not support indexing: No index will be added to the view in SQL server. We suggest removing the index.
Metadata Warning: AxView/AVAKCS_BOSTypeParameters_BView: You have added an index to a view, but AX7 views do not support indexing: No index will be added to the view in SQL server. We suggest removing the index.
Metadata Warning: AxView/AVAKCS_BOSConditionType_BView: You have added an index to a view, but AX7 views do not support indexing: No index will be added to the view in SQL server. We suggest removing the index.
Metadata Warning: AxView/AVAKCS_BOSConditionMode_BView: You have added an index to a view, but AX7 views do not support indexing: No index will be added to the view in SQL server. We suggest removing the index.
Metadata Warning: AxView/NDXProductsView: You have added an index to a view, but AX7 views do not support indexing: No index will be added to the view in SQL server. We suggest removing the index.
Metadata Warning: AxDataEntityViewExtension/CustomerPaymentJournalLineEntity.AVAExtension/Relations/TermOfPayment/Cardinality: Cardinality must be specified.
Metadata Warning: AxDataEntityViewExtension/CustomerPaymentJournalLineEntity.AVAExtension/Relations/TermOfPayment/RelatedDataEntityCardinality: Related Data Entity Cardinality must be specified.
Metadata Warning: AxDataEntityViewExtension/PurchPurchaseAgreementLineV2Entity.AVAExtension/Relations/ReleasedProduct/RelatedDataEntity: Referenced object 'EcoResReleasedProductEntity' is marked as obsolete. 
Metadata Warning: AxDataEntityViewExtension/PurchPurchaseAgreementLineV2Entity.AVAExtension/Relations/ReceivingSite/RelatedDataEntity: Referenced object 'InventOperationalSiteEntity' is marked as obsolete. 
Compile Warning: Form Method dynamics://Form/AVAWHSWorkLineCycleCount/Method/customizeMenuOptions: [(78,61),(78,119)]: ReferencedObject is marked as Obsolete.  The 'WHSCycleCountingWarehouseWorkLineEntity' argument of the 'dataentityviewstr' compile-time function specifying a data entity view is marked as obsolete.
Compile Warning: Form Method dynamics://Form/AVAWHSWorkLineCycleCount/Method/customizeMenuOptions: [(79,61),(79,121)]: ReferencedObject is marked as Obsolete.  The 'WHSCycleCountingWarehouseWorkLineV2Entity' argument of the 'dataentityviewstr' compile-time function specifying a data entity view is marked as obsolete.
Compile Warning: Form Method dynamics://Form/AVAWHSWorkLineCycleCount/Method/getDataEntityContext: [(102,18),(102,76)]: ReferencedObject is marked as Obsolete.  The 'WHSCycleCountingWarehouseWorkLineEntity' argument of the 'dataentityviewstr' compile-time function specifying a data entity view is marked as obsolete.
Compile Warning: Form Method dynamics://Form/AVAWHSWorkLineCycleCount/Method/getDataEntityContext: [(103,18),(103,78)]: ReferencedObject is marked as Obsolete.  The 'WHSCycleCountingWarehouseWorkLineV2Entity' argument of the 'dataentityviewstr' compile-time function specifying a data entity view is marked as obsolete.
Compile Warning: Form Method dynamics://Form/AVAWHSWorkLineCycleCount/Method/getDataEntityContext: [(112,125),(112,191)]: ReferencedObject is marked as Obsolete.  The 'WHSCycleCountingWarehouseWorkLineEntity::WarehouseWorkId' argument of the 'fieldStr' compile-time function specifying a table field is marked as obsolete.
Metadata Warning: AxViewExtension/MCRProductSearchView.AVAExtension/Fields/WMSPalletTypeId/DataField: Referenced object 'WMSPalletTypeId' is marked as obsolete. 
Metadata Warning: AxDataEntityViewExtension/SalesOrderLineV2Entity.AVAExtension/Relations/SalesOrderHeader/RelatedDataEntity: Referenced object 'SalesOrderHeaderEntity' is marked as obsolete. 
Metadata Warning: AxDataEntityViewExtension/SalesOrderLineV2Entity.AVAExtension/Relations/SalesOrderHeaderV2/RelatedDataEntity: Referenced object 'SalesOrderHeaderV2Entity' is marked as obsolete. 
Metadata Warning: AxQuerySimpleExtension/BankPaymAdviceVend.AVAExtension: Referenced object 'BankPaymAdviceVend' is marked as obsolete. 
Metadata Warning: AxQuerySimpleExtension/DataSources/InventTransferJour/DataSources/InventTransferJourLine/DataSources/InventDim/Fields/wMSPalletId/Field: Referenced object 'wMSPalletId' is marked as obsolete. 
Compile Warning: Form Method dynamics://Form/AVAInventSumDateTrans/Method/getFilterValuesForSysLastValues: [(45,9),(45,51)]: Assigning a numerical value to extensible enum 'Extensible Enumeration(AVAInventSumType)' will yield unexpected results. Extensible enum values are not deterministically assigned to a numerical value.
Compile Warning: Form Method dynamics://Form/AVAInventSumDateTrans/Method/setFilterValuesFromSysLastValues: [(52,32),(52,46)]: Cast from extensible enum 'Extensible Enumeration(AVAInventSumType)' to 'int' potentially harmful and deprecated.
FormPatternValidation Warning: AxForm/AVAHandoverDocTable/Design/Controls/DetailsTab/HandoverDocTableTabPage: 'AxForm/AVAHandoverDocTable/Design/Controls/DetailsTab/HandoverDocTableTabPage' has not specified a pattern. Please apply one of the available patterns.
Metadata Warning: AxDataEntityViewExtension/SalesOrderHeaderV3Entity.AVAExtension/Fields/RevRecContractStartDate: Referenced object 'RevRecContractStartDate' is marked as obsolete. 
Metadata Warning: AxDataEntityViewExtension/SalesOrderHeaderV3Entity.AVAExtension/Fields/RevRecMultipleSOReallocation: Referenced object 'RevRecMultipleSOReallocation' is marked as obsolete. 
Metadata Warning: AxDataEntityViewExtension/SalesOrderHeaderV3Entity.AVAExtension/Fields/RevRecReallocationId: Referenced object 'RevRecReallocationId' is marked as obsolete. 
Metadata Warning: AxFormExtension/NDXTRUMPFPDA.NDX/Controls/FormExtensionControlbuetmlqs1/PDAData/Controls/FormGridControl3/Controls/NDX_TRUMPF_PDA/DataGroup: The form control has different fields from the field group 'NDX_TRUMPF_PDA', datasource 'AVASFCFeedback' it is bound to. Use restore on the form control.
Metadata Warning: AxFormExtension/NDXBatchMultithreading.NDX/Controls/FormExtensionControlurco3pon1/FormTabPageConsolidatedDataCSAlliance/Controls/FormTabNDXTmpCSAlliance_7/Controls/FormTabPageNDXTmpCSAlliance_7/Controls/FormGridNDXTmpCSAlliance_7/Controls/GridView4/DataGroup: The form control has different fields from the field group 'GridView', datasource 'NDXTmpCSAlliance_7' it is bound to. Use restore on the form control.
Metadata Warning: AxFormExtension/NDXBatchMultithreading.NDX/Controls/Copyxtundmas1/FormTabPageConsolidatedDataCSAllianceArtGrp/Controls/FormTabNDXTmpCSAllianceArtGrp_8/Controls/FormTabPageNDXTmpCSAlliance_ArtGrp_8/Controls/FormGridNDXTmpCSAllianceArtGrp_8/Controls/GridView5/DataGroup: The form control has different fields from the field group 'GridView', datasource 'NDXTmpCSAllianceArtGrp_8' it is bound to. Use restore on the form control.
Metadata Warning: AxDataEntityViewExtension/SalesOrderLineV2Entity.AVAExtension/Fields/RevRecRevenueScheduleId: Referenced object 'RevRecRevenueScheduleID' is marked as obsolete. 
Metadata Warning: AxDataEntityViewExtension/SalesOrderLineV2Entity.AVAExtension/Fields/RevRecOccurrences: Referenced object 'RevRecPeriodNumber' is marked as obsolete. 
Metadata Warning: AxDataEntityViewExtension/SalesOrderLineV2Entity.AVAExtension/Fields/RevRecContractStartDate: Referenced object 'RevRecContractStartDate' is marked as obsolete. 
Compile Warning: Form DataSource Method dynamics://Form/AVAWHSWorkOverview/FormDataSourceRoot/AVAOverviewAllLoadWorkCreatedDetailView/Method/displayCounterWorkLine: [(421,13),(421,38)]: The type conversion from 'int64' to 'int(Counter)' loses range.
FormPatternValidation Warning: AxFormExtension/InventJournalLossProfit.AVAExtension/Design/Controls/PanelTab/Details/Tab/Lines/LineView/LineDetails/FormTabControl1/FinancialTagsTab: 'AxFormExtension/InventJournalLossProfit.AVAExtension/Design/Controls/PanelTab/Details/Tab/Lines/LineView/LineDetails/FormTabControl1/FinancialTagsTab' has not specified a pattern. Please apply one of the available patterns.
FormPatternValidation Warning: AxFormExtension/WHSParameters.AVAExtension/Design/Controls/Tab/WHS/GeneralFastTab/AVAOverrideFlightTabPage: 'AxFormExtension/WHSParameters.AVAExtension/Design/Controls/Tab/WHS/GeneralFastTab/AVAOverrideFlightTabPage' has not specified a pattern. Please apply one of the available patterns.
FormPatternValidation Warning: AxFormExtension/InventJournalMovement.AVAExtension/Design/Controls/PanelTab/Details/DetailsTab/Lines/LineView/LineDetails/Tab/FinancialTagsTab: 'AxFormExtension/InventJournalMovement.AVAExtension/Design/Controls/PanelTab/Details/DetailsTab/Lines/LineView/LineDetails/Tab/FinancialTagsTab' has not specified a pattern. Please apply one of the available patterns.
FormPatternValidation Warning: AxFormExtension/AVAPTMToolTable.AVAExtension/Design/Controls/Tab/TabPageDetails/TabHeader/UseControl: 'AxFormExtension/AVAPTMToolTable.AVAExtension/Design/Controls/Tab/TabPageDetails/TabHeader/UseControl' has not specified a pattern. Please apply one of the available patterns.
Metadata Warning: AxSecurityDuty/NDXProcurementGroupsManagement/Privileges/NDXMaterialCharacteristicMaintain/Name: Referenced object 'NDXMaterialCharacteristicMaintain' is marked as obsolete. 
Metadata Warning: AxSecurityDuty/NDXProcurementGroupsManagement/Privileges/NDXMaterialGroupStatusTableMaintain/Name: Referenced object 'NDXMaterialGroupStatusTableMaintain' is marked as obsolete. 
Metadata Warning: AxSecurityDuty/NDXProcurementGroupsView/Privileges/NDXMaterialCharacteristicView/Name: Referenced object 'NDXMaterialCharacteristicView' is marked as obsolete. 
Metadata Warning: AxSecurityDuty/NDXProcurementGroupsManagement/Privileges/NDXMaterialThicknessMaintain/Name: Referenced object 'NDXMaterialThicknessMaintain' is marked as obsolete. 
Metadata Warning: AxSecurityDuty/NDXProcurementGroupsView/Privileges/NDXMaterialGroupStatusTableView/Name: Referenced object 'NDXMaterialGroupStatusTableView' is marked as obsolete. 
Metadata Warning: AxSecurityDuty/NDXProcurementGroupsView/Privileges/NDXMaterialThicknessView/Name: Referenced object 'NDXMaterialThicknessView' is marked as obsolete. 
Metadata Warning: AxSecurityRole/NDXTestUser/SubRoles/WHSMobileDeviceService/Name: Referenced object 'WHSMobileDeviceService' is marked as obsolete. 
Metadata Warning: AxSecurityRole/NDXTestUserFibu/SubRoles/WHSMobileDeviceService/Name: Referenced object 'WHSMobileDeviceService' is marked as obsolete. 
Metadata Warning: AxSecurityPrivilege/AVAInventTransferTableReleaseMaintain/DataEntityPermissions/SalesOrderHeaderV2Entity/Name: Referenced object 'SalesOrderHeaderV2Entity' is marked as obsolete. 
Metadata Warning: AxSecurityPrivilege/AVASalesTableDetailsView/DataEntityPermissions/SalesOrderHeaderV2Entity/Name: Referenced object 'SalesOrderHeaderV2Entity' is marked as obsolete. 
Metadata Warning: AxSecurityPrivilege/AVAInventTransferTableReleaseView/DataEntityPermissions/SalesOrderHeaderV2Entity/Name: Referenced object 'SalesOrderHeaderV2Entity' is marked as obsolete. 
Metadata Warning: AxFormExtension/EcoResProductDetailsExtended.NDX/Controls/FormExtensionControltuoxjjs51/TabPageNDXHistory/Controls/FormGroupControl1/Controls/HistoryNetWeight/Controls/HistoryNetWeightGrid/Controls/History1/DataGroup: The form control has different fields from the field group 'History', datasource 'NDXItemNetWeightHistory' it is bound to. Use restore on the form control.
Metadata Warning: AxFormExtension/EcoResProductDetailsExtended.NDX/Controls/FormExtensionControltuoxjjs51/TabPageNDXHistory/Controls/FormGroupControl2/Controls/HistoryHK2Group/Controls/HistoryHK2GroupGrid/Controls/History/DataGroup: The form control has different fields from the field group 'History', datasource 'NDXHK2GroupHistory' it is bound to. Use restore on the form control.
Metadata Warning: AxFormExtension/EcoResProductDetailsExtended.NDX/Controls/FormExtensionControltuoxjjs51/TabPageNDXHistory/Controls/FormGroupControl2/Controls/HistoryMGKGroup/Controls/HistoryMGKGroupGrid/Controls/History2/DataGroup: The form control has different fields from the field group 'History', datasource 'NDXMGKGroupHistory' it is bound to. Use restore on the form control.
Metadata Warning: AxSecurityPrivilege/AVASalesTableDetailsMaintain/DataEntityPermissions/SalesOrderHeaderV2Entity/Name: Referenced object 'SalesOrderHeaderV2Entity' is marked as obsolete. 
Metadata Warning: AxMenuExtension/ProcurementAndSourcing.AVAExtension/Setup/NDXProcurementGroup/NDXMaterialCharacteristic/MenuItemName: Referenced object 'NDXMaterialCharacteristic' is marked as obsolete. 
Metadata Warning: AxMenuExtension/ProcurementAndSourcing.AVAExtension/Setup/NDXProcurementGroup/NDXMaterialThickness/MenuItemName: Referenced object 'NDXMaterialThickness' is marked as obsolete. 
Metadata Warning: AxMenuExtension/ProcurementAndSourcing.AVAExtension/Setup/NDXProcurementGroup/NDXMaterialGroupStatusTable/MenuItemName: Referenced object 'NDXMaterialGroupStatusTable' is marked as obsolete. 
Metadata Warning: AxDataEntityView/AVALedgerAllocationRuleOperationsTaxEntity/Label: Conflicts were detected on the Label property '@SYS10925' for the following entities 'AVALedgerAllocationRuleOperationsTaxEntity(NDX), FinancialReportingPostingLayer(FinancialReportingEntityStore), FinancialReportingFactGeneralJournalAccountEntry(FinancialReportingEntityStore)'
==================================
Errors: 0
Warnings: 197
