==================================
TaskListItem Information: Table Method dynamics://Table/AVARUMCashSalesDesk/Method/close: [(150,9),(150,91)]: ToDo: Delete sales orders for the OpenAt utc datetime for this cash sales desk.
Generation Information: View dynamics://View/AVARUMProdRobotLicensePlateEntity: Is Runtime Services mode: False
TaskListItem Information: Class Method dynamics://Class/AVARUMProdTableTbl_Extension/Method/sendMail_AVA: [(18,9),(18,77)]: TODO: RUMSalesParameters check for walk-in customer if implemented
TaskListItem Information: Class Method dynamics://Class/AVARUMDSDFeeManager/Method/run: [(74,17),(74,72)]: ToDo: Transfered from AX2009. Not implemented yet.
TaskListItem Information: Class Method dynamics://Class/AVARUMDSDFeeManager/Method/createLedgerJournal: [(146,13),(146,19)]: ToDo: Transfered from AX2009. Not implemented yet.
TaskListItem Information: Class Method dynamics://Class/AVARUMWeightInManager/Method/main: [(94,25),(94,63)]: Todo: Implement printing logic here
Compile Warning: Class Method dynamics://Class/AVARUMEcoResProductVariantReleaseManagerCls_Extension/Method/postRelease: [(11,5),(11,30)]: Chain of command is not supported on method 'postRelease' because it is internal or marked as InternalUseOnly.
Metadata Warning: AxDataEntityViewExtension/SalesOrderLineV3Entity.AVARUMExtension/Relations/SalesOrderHeader/RelatedDataEntity: Referenced object 'SalesOrderHeaderEntity' is marked as obsolete. 
Metadata Warning: AxDataEntityViewExtension/SalesOrderLineV3Entity.AVARUMExtension/Relations/SalesOrderHeaderV2/RelatedDataEntity: Referenced object 'SalesOrderHeaderV2Entity' is marked as obsolete. 
Metadata Warning: AxDataEntityViewExtension/PurchPurchaseAgreementLineV2Entity.AVARUMExtension/Relations/ReleasedProduct/RelatedDataEntity: Referenced object 'EcoResReleasedProductEntity' is marked as obsolete. 
Metadata Warning: AxDataEntityViewExtension/PurchPurchaseAgreementLineV2Entity.AVARUMExtension/Relations/ReceivingSite/RelatedDataEntity: Referenced object 'InventOperationalSiteEntity' is marked as obsolete. 
Metadata Warning: AxDataEntityViewExtension/EcoResProductUnitOfMeasureConversionEntity.AVARUMExtension: Referenced object 'EcoResProductUnitOfMeasureConversionEntity' is marked as obsolete. 
Metadata Warning: AxDataEntityViewExtension/EcoResReleasedProductV2Entity.AVARUMExtension/Relations/CatchWeightItemHandlingPolicy/RelatedDataEntity: Referenced object 'WHSCatchWeightItemHandlingPolicyEntity' is marked as obsolete. 
Metadata Warning: AxDataEntityViewExtension/EcoResReleasedProductV2Entity.AVARUMExtension/Relations/WHSProductFilterGroups/RelatedDataEntity: Referenced object 'WHSProductFilterGroupEntity' is marked as obsolete. 
Metadata Warning: AxDataEntityViewExtension/EcoResReleasedProductV2Entity.AVARUMExtension/Relations/WhsBatchDetailsCapturePolicyEntity/Constraints: Relation 'WhsBatchDetailsCapturePolicyEntity' has no constraints defined.
Metadata Warning: AxDataEntityViewExtension/VendVendorV2Entity.AVARUMExtension/Fields/CommercialRegisterName/DataField: Referenced object 'CommercialRegister' is marked as obsolete. 
Metadata Warning: AxDataEntityViewExtension/VendVendorV2Entity.AVARUMExtension/Fields/CommercialRegisterInsetNumber/DataField: Referenced object 'CommercialRegisterInsetNumber' is marked as obsolete. 
Metadata Warning: AxDataEntityViewExtension/VendVendorV2Entity.AVARUMExtension/Fields/CommercialRegisterSection/DataField: Referenced object 'CommercialRegisterSection' is marked as obsolete. 
Compile Warning: Form Method dynamics://Form/AVARUMForecastSales/Method/kittingSetFormHandler: [(946,30),(946,96)]: Type 'FeatureStateProvider' is marked InternalUseOnly and is not accessible from the current module 'AVARubinMuehle' .
Compile Warning: Form Method dynamics://Form/AVARUMForecastSales/Method/kittingSetFormHandler: [(946,30),(946,96)]: Method 'isFeatureEnabled' or type 'FeatureStateProvider' in which it is declared is marked InternalUseOnly and is not accessible from the current module 'AVARubinMuehle' ''.
Metadata Warning: AxDataEntityViewExtension/VendVendorV2Entity.AVARUMExtension/Fields/EnterpriseNumber/DataField: Referenced object 'EnterpriseNumber' is marked as obsolete. 
Metadata Warning: AxDataEntityViewExtension/EcoResReleasedProductV2Entity.AVARUMExtension/Fields/PackageHandlingTime/DataField: Referenced object 'WMSPickingQtyTime' is marked as obsolete. 
Compile Warning: Form Method dynamics://Form/AVARUMWeightInOriginSelection/Method/init: [(120,135),(120,159)]: Cast from extensible enum 'Extensible Enumeration(AVARUMWeightInOrigin)' to 'int' potentially harmful and deprecated.
Compile Warning: Class Method dynamics://Class/AVARUMWeightInManager/Method/promptRepeatWeighing: [(111,117),(111,130)]: Cast from extensible enum 'Extensible Enumeration(AVARUMWeightInStep)' to 'int' potentially harmful and deprecated.
Compile Warning: Class Method dynamics://Class/AVARUMWeightInManager/Method/promptDeleteWeighing: [(133,110),(133,115)]: Cast from extensible enum 'Extensible Enumeration(AVARUMWeightInStep)' to 'int' potentially harmful and deprecated.
Compile Warning: Class Method dynamics://Class/AVARUMWeightInManager/Method/moveWeightInHistory: [(256,139),(256,164)]: Cast from extensible enum 'Extensible Enumeration(AVARUMWeightInOrigin)' to 'int' potentially harmful and deprecated.
==================================
Errors: 0
Warnings: 20
